

================================================================
== Vitis HLS Report for 'atualizar_restricao_v'
================================================================
* Date:           Sat Feb  7 11:29:07 2026

* Version:        2020.2 (Build 3064766 on Wed Nov 18 09:12:45 MST 2020)
* Project:        hls_project
* Solution:       solution1 (Vivado IP Flow Target)
* Product family: zynq
* Target device:  xc7z020-clg484-1


================================================================
== Performance Estimates
================================================================
+ Timing: 
    * Summary: 
    +--------+----------+----------+------------+
    |  Clock |  Target  | Estimated| Uncertainty|
    +--------+----------+----------+------------+
    |ap_clk  |  10.00 ns|  7.256 ns|     2.70 ns|
    +--------+----------+----------+------------+

+ Latency: 
    * Summary: 
    +---------+---------+----------+----------+-----+-----+---------+
    |  Latency (cycles) |  Latency (absolute) |  Interval | Pipeline|
    |   min   |   max   |    min   |    max   | min | max |   Type  |
    +---------+---------+----------+----------+-----+-----+---------+
    |        ?|        ?|         ?|         ?|    ?|    ?|     none|
    +---------+---------+----------+----------+-----+-----+---------+

    + Detail: 
        * Instance: 
        +-------------------------+--------------+---------+---------+----------+----------+-----+-----+---------+
        |                         |              |  Latency (cycles) |  Latency (absolute) |  Interval | Pipeline|
        |         Instance        |    Module    |   min   |   max   |    min   |    max   | min | max |   Type  |
        +-------------------------+--------------+---------+---------+----------+----------+-----+-----+---------+
        |grp_QDLDL_factor_fu_647  |QDLDL_factor  |        ?|        ?|         ?|         ?|    ?|    ?|     none|
        +-------------------------+--------------+---------+---------+----------+----------+-----+-----+---------+

        * Loop: 
        +--------------------+---------+---------+----------+-----------+-----------+------+----------+
        |                    |  Latency (cycles) | Iteration|  Initiation Interval  | Trip |          |
        |      Loop Name     |   min   |   max   |  Latency |  achieved |   target  | Count| Pipelined|
        +--------------------+---------+---------+----------+-----------+-----------+------+----------+
        |- VITIS_LOOP_21_1   |       15|       15|        15|          1|          1|     2|       yes|
        |- VITIS_LOOP_45_1   |        7|        7|         7|          1|          1|     2|       yes|
        |- VITIS_LOOP_21_1   |       15|       15|        15|          1|          1|     2|       yes|
        |- VITIS_LOOP_45_1   |        7|        7|         7|          1|          1|     2|       yes|
        |- VITIS_LOOP_43_1   |       19|       19|         2|          1|          1|    19|       yes|
        |- VITIS_LOOP_43_1   |       19|       19|         2|          1|          1|    19|       yes|
        |- VITIS_LOOP_108_1  |       19|       19|         2|          1|          1|    19|       yes|
        |- VITIS_LOOP_65_1   |       36|       36|        19|          1|          1|    19|       yes|
        |- VITIS_LOOP_43_1   |       19|       19|         2|          1|          1|    19|       yes|
        +--------------------+---------+---------+----------+-----------+-----------+------+----------+



================================================================
== Utilization Estimates
================================================================
* Summary: 
+-----------------+---------+-----+--------+-------+-----+
|       Name      | BRAM_18K| DSP |   FF   |  LUT  | URAM|
+-----------------+---------+-----+--------+-------+-----+
|DSP              |        -|    -|       -|      -|    -|
|Expression       |        -|    -|       0|    907|    -|
|FIFO             |        -|    -|       -|      -|    -|
|Instance         |        0|    5|    1781|   2597|    -|
|Memory           |        0|    -|       8|      4|    -|
|Multiplexer      |        -|    -|       -|    789|    -|
|Register         |        -|    -|    1569|    320|    -|
+-----------------+---------+-----+--------+-------+-----+
|Total            |        0|    5|    3358|   4617|    0|
+-----------------+---------+-----+--------+-------+-----+
|Available        |      280|  220|  106400|  53200|    0|
+-----------------+---------+-----+--------+-------+-----+
|Utilization (%)  |        0|    2|       3|      8|    0|
+-----------------+---------+-----+--------+-------+-----+

+ Detail: 
    * Instance: 
    +---------------------------------+-----------------------------+---------+----+------+------+-----+
    |             Instance            |            Module           | BRAM_18K| DSP|  FF  |  LUT | URAM|
    +---------------------------------+-----------------------------+---------+----+------+------+-----+
    |grp_QDLDL_factor_fu_647          |QDLDL_factor                 |        0|   5|  1781|  2597|    0|
    |dcmp_64ns_64ns_1_2_no_dsp_1_U29  |dcmp_64ns_64ns_1_2_no_dsp_1  |        0|   0|     0|     0|    0|
    |fpext_32ns_64_2_no_dsp_1_U27     |fpext_32ns_64_2_no_dsp_1     |        0|   0|     0|     0|    0|
    |fptrunc_64ns_32_2_no_dsp_1_U26   |fptrunc_64ns_32_2_no_dsp_1   |        0|   0|     0|     0|    0|
    +---------------------------------+-----------------------------+---------+----+------+------+-----+
    |Total                            |                             |        0|   5|  1781|  2597|    0|
    +---------------------------------+-----------------------------+---------+----+------+------+-----+

    * DSP: 
    N/A

    * Memory: 
    +--------------------------+----------------------------------------------+---------+---+----+-----+------+-----+------+-------------+
    |          Memory          |                    Module                    | BRAM_18K| FF| LUT| URAM| Words| Bits| Banks| W*Bits*Banks|
    +--------------------------+----------------------------------------------+---------+---+----+-----+------+-----+------+-------------+
    |linsys_solver_rhotoKKT_U  |atualizar_restricao_v_linsys_solver_rhotoKKT  |        0|  7|   3|    0|    19|    7|     1|          133|
    |work_constr_type_U        |atualizar_restricao_v_work_constr_type        |        0|  1|   1|    0|    19|    1|     1|           19|
    +--------------------------+----------------------------------------------+---------+---+----+-----+------+-----+------+-------------+
    |Total                     |                                              |        0|  8|   4|    0|    38|    8|     2|          152|
    +--------------------------+----------------------------------------------+---------+---+----+-----+------+-----+------+-------------+

    * FIFO: 
    N/A

    * Expression: 
    +-----------------------------------+----------+----+---+----+------------+------------+
    |           Variable Name           | Operation| DSP| FF| LUT| Bitwidth P0| Bitwidth P1|
    +-----------------------------------+----------+----+---+----+------------+------------+
    |add_ln21_1_fu_830_p2               |         +|   0|  0|  10|           2|           1|
    |add_ln21_fu_749_p2                 |         +|   0|  0|  10|           2|           1|
    |add_ln45_1_fu_873_p2               |         +|   0|  0|  10|           2|           1|
    |add_ln45_fu_792_p2                 |         +|   0|  0|  10|           2|           1|
    |i_88_fu_911_p2                     |         +|   0|  0|  13|           5|           1|
    |i_90_fu_928_p2                     |         +|   0|  0|  13|           5|           1|
    |i_93_fu_1115_p2                    |         +|   0|  0|  13|           5|           1|
    |i_94_fu_1098_p2                    |         +|   0|  0|  13|           5|           1|
    |i_96_fu_1132_p2                    |         +|   0|  0|  13|           5|           1|
    |and_ln106_fu_991_p2                |       and|   0|  0|   2|           1|           1|
    |and_ln107_1_fu_1078_p2             |       and|   0|  0|   2|           1|           1|
    |and_ln107_fu_1030_p2               |       and|   0|  0|   2|           1|           1|
    |ap_block_state112_on_subcall_done  |       and|   0|  0|   2|           1|           1|
    |ap_condition_1381                  |       and|   0|  0|   2|           1|           1|
    |icmp_ln106_2_fu_979_p2             |      icmp|   0|  0|  15|          23|           1|
    |icmp_ln106_fu_973_p2               |      icmp|   0|  0|  11|           8|           2|
    |icmp_ln107_1_fu_1020_p2            |      icmp|   0|  0|  24|          52|           1|
    |icmp_ln107_2_fu_1062_p2            |      icmp|   0|  0|  11|          11|           2|
    |icmp_ln107_3_fu_1068_p2            |      icmp|   0|  0|  24|          52|           1|
    |icmp_ln107_fu_1014_p2              |      icmp|   0|  0|  11|          11|           2|
    |icmp_ln108_fu_1104_p2              |      icmp|   0|  0|   9|           5|           5|
    |icmp_ln21_1_fu_836_p2              |      icmp|   0|  0|   8|           2|           3|
    |icmp_ln21_fu_755_p2                |      icmp|   0|  0|   8|           2|           3|
    |icmp_ln43_5_fu_934_p2              |      icmp|   0|  0|   9|           5|           5|
    |icmp_ln43_6_fu_1138_p2             |      icmp|   0|  0|   9|           5|           5|
    |icmp_ln43_fu_917_p2                |      icmp|   0|  0|   9|           5|           5|
    |icmp_ln45_1_fu_879_p2              |      icmp|   0|  0|   8|           2|           3|
    |icmp_ln45_fu_798_p2                |      icmp|   0|  0|   8|           2|           3|
    |icmp_ln65_fu_1121_p2               |      icmp|   0|  0|   9|           5|           5|
    |or_ln106_fu_985_p2                 |        or|   0|  0|   2|           1|           1|
    |or_ln107_1_fu_1074_p2              |        or|   0|  0|   2|           1|           1|
    |or_ln107_fu_1026_p2                |        or|   0|  0|   2|           1|           1|
    |Exu_1_3_fu_778_p3                  |    select|   0|  0|  32|           1|          32|
    |Exu_1_4_fu_785_p3                  |    select|   0|  0|  32|           1|          32|
    |Exu_1_6_fu_859_p3                  |    select|   0|  0|  32|           1|          32|
    |Exu_1_7_fu_866_p3                  |    select|   0|  0|  32|           1|          32|
    |conv12_i_i_fu_1084_p3              |    select|   0|  0|  32|           1|          32|
    |select_ln107_fu_1035_p3            |    select|   0|  0|  64|           1|          64|
    |select_ln24_4_fu_772_p3            |    select|   0|  0|  32|           1|          32|
    |select_ln24_7_fu_846_p3            |    select|   0|  0|  32|           1|          32|
    |select_ln24_8_fu_853_p3            |    select|   0|  0|  32|           1|          32|
    |select_ln24_fu_765_p3              |    select|   0|  0|  32|           1|          32|
    |select_ln46_6_fu_889_p3            |    select|   0|  0|  32|           1|          32|
    |select_ln46_fu_808_p3              |    select|   0|  0|  32|           1|          32|
    |v_max_1_1_fu_897_p3                |    select|   0|  0|  32|           1|          32|
    |v_max_1_2_fu_904_p3                |    select|   0|  0|  32|           1|          32|
    |v_min_1_1_fu_816_p3                |    select|   0|  0|  32|           1|          32|
    |v_min_1_2_fu_823_p3                |    select|   0|  0|  32|           1|          32|
    |ap_enable_pp0                      |       xor|   0|  0|   2|           1|           2|
    |ap_enable_pp1                      |       xor|   0|  0|   2|           1|           2|
    |ap_enable_pp2                      |       xor|   0|  0|   2|           1|           2|
    |ap_enable_pp3                      |       xor|   0|  0|   2|           1|           2|
    |ap_enable_pp4                      |       xor|   0|  0|   2|           1|           2|
    |ap_enable_pp5                      |       xor|   0|  0|   2|           1|           2|
    |ap_enable_pp6                      |       xor|   0|  0|   2|           1|           2|
    |ap_enable_pp7                      |       xor|   0|  0|   2|           1|           2|
    |ap_enable_pp8                      |       xor|   0|  0|   2|           1|           2|
    |ap_enable_reg_pp0_iter1            |       xor|   0|  0|   2|           2|           1|
    |ap_enable_reg_pp1_iter1            |       xor|   0|  0|   2|           2|           1|
    |ap_enable_reg_pp2_iter1            |       xor|   0|  0|   2|           2|           1|
    |ap_enable_reg_pp3_iter1            |       xor|   0|  0|   2|           2|           1|
    |ap_enable_reg_pp4_iter1            |       xor|   0|  0|   2|           2|           1|
    |ap_enable_reg_pp5_iter1            |       xor|   0|  0|   2|           2|           1|
    |ap_enable_reg_pp6_iter1            |       xor|   0|  0|   2|           2|           1|
    |ap_enable_reg_pp7_iter1            |       xor|   0|  0|   2|           2|           1|
    |ap_enable_reg_pp8_iter1            |       xor|   0|  0|   2|           2|           1|
    |xor_ln44_fu_1154_p2                |       xor|   0|  0|  33|          32|          33|
    +-----------------------------------+----------+----+---+----+------------+------------+
    |Total                              |          |   0|  0| 907|         306|         667|
    +-----------------------------------+----------+----+---+----+------------+------------+

    * Multiplexer: 
    +------------------------------------+-----+-----------+-----+-----------+
    |                Name                | LUT | Input Size| Bits| Total Bits|
    +------------------------------------+-----+-----------+-----+-----------+
    |ap_NS_fsm                           |  221|         51|    1|         51|
    |ap_enable_reg_pp0_iter1             |    9|          2|    1|          2|
    |ap_enable_reg_pp0_iter14            |    9|          2|    1|          2|
    |ap_enable_reg_pp1_iter1             |    9|          2|    1|          2|
    |ap_enable_reg_pp1_iter6             |    9|          2|    1|          2|
    |ap_enable_reg_pp2_iter1             |    9|          2|    1|          2|
    |ap_enable_reg_pp2_iter14            |    9|          2|    1|          2|
    |ap_enable_reg_pp3_iter1             |    9|          2|    1|          2|
    |ap_enable_reg_pp3_iter6             |    9|          2|    1|          2|
    |ap_enable_reg_pp4_iter1             |   14|          3|    1|          3|
    |ap_enable_reg_pp5_iter1             |   14|          3|    1|          3|
    |ap_enable_reg_pp6_iter1             |   14|          3|    1|          3|
    |ap_enable_reg_pp7_iter1             |    9|          2|    1|          2|
    |ap_enable_reg_pp7_iter18            |    9|          2|    1|          2|
    |ap_enable_reg_pp8_iter1             |   14|          3|    1|          3|
    |grp_fu_673_p0                       |   20|          4|   32|        128|
    |grp_fu_673_p1                       |   20|          4|   32|        128|
    |grp_fu_682_p0                       |   25|          5|   32|        160|
    |grp_fu_682_p1                       |   20|          4|   32|        128|
    |grp_fu_688_p0                       |   20|          4|   32|        128|
    |grp_fu_688_p1                       |   14|          3|   32|         96|
    |grp_fu_695_p1                       |   14|          3|   32|         96|
    |grp_fu_716_opcode                   |   14|          3|    5|         15|
    |grp_fu_716_p0                       |   14|          3|   64|        192|
    |grp_fu_716_p1                       |   14|          3|   64|        192|
    |i_84_reg_509                        |    9|          2|    2|          4|
    |i_85_reg_544                        |    9|          2|    2|          4|
    |i_86_reg_581                        |    9|          2|    2|          4|
    |i_87_reg_592                        |    9|          2|    5|         10|
    |i_89_reg_603                        |    9|          2|    5|         10|
    |i_91_reg_614                        |    9|          2|    5|         10|
    |i_92_reg_625                        |    9|          2|    5|         10|
    |i_95_reg_636                        |    9|          2|    5|         10|
    |i_reg_472                           |    9|          2|    2|          4|
    |l_new_address0                      |   20|          4|    5|         20|
    |l_new_address1                      |   14|          3|    5|         15|
    |linsys_solver_KKT_x_address0        |   14|          3|    7|         21|
    |linsys_solver_KKT_x_ce0             |   14|          3|    1|          3|
    |linsys_solver_rho_inv_vec_address0  |   14|          3|    5|         15|
    |u_new_address0                      |   20|          4|    5|         20|
    |u_new_address1                      |   14|          3|    5|         15|
    |work_rho_inv_vec_address0           |   14|          3|    5|         15|
    |work_rho_inv_vec_d0                 |   14|          3|   32|         96|
    |work_rho_vec_address0               |   14|          3|    5|         15|
    |work_rho_vec_d0                     |   14|          3|   32|         96|
    +------------------------------------+-----+-----------+-----+-----------+
    |Total                               |  789|        172|  512|       1743|
    +------------------------------------+-----+-----------+-----+-----------+

    * Register: 
    +--------------------------------------+----+----+-----+-----------+
    |                 Name                 | FF | LUT| Bits| Const Bits|
    +--------------------------------------+----+----+-----+-----------+
    |Exu_0_06_reg_532                      |  32|   0|   32|          0|
    |Exu_1_07_reg_520                      |  32|   0|   32|          0|
    |Exu_2_0_08_reg_460                    |  32|   0|   32|          0|
    |Exu_2_1_09_reg_448                    |  32|   0|   32|          0|
    |and_ln106_reg_1393                    |   1|   0|    1|          0|
    |ap_CS_fsm                             |  50|   0|   50|          0|
    |ap_enable_reg_pp0_iter0               |   1|   0|    1|          0|
    |ap_enable_reg_pp0_iter1               |   1|   0|    1|          0|
    |ap_enable_reg_pp0_iter10              |   1|   0|    1|          0|
    |ap_enable_reg_pp0_iter11              |   1|   0|    1|          0|
    |ap_enable_reg_pp0_iter12              |   1|   0|    1|          0|
    |ap_enable_reg_pp0_iter13              |   1|   0|    1|          0|
    |ap_enable_reg_pp0_iter14              |   1|   0|    1|          0|
    |ap_enable_reg_pp0_iter2               |   1|   0|    1|          0|
    |ap_enable_reg_pp0_iter3               |   1|   0|    1|          0|
    |ap_enable_reg_pp0_iter4               |   1|   0|    1|          0|
    |ap_enable_reg_pp0_iter5               |   1|   0|    1|          0|
    |ap_enable_reg_pp0_iter6               |   1|   0|    1|          0|
    |ap_enable_reg_pp0_iter7               |   1|   0|    1|          0|
    |ap_enable_reg_pp0_iter8               |   1|   0|    1|          0|
    |ap_enable_reg_pp0_iter9               |   1|   0|    1|          0|
    |ap_enable_reg_pp1_iter0               |   1|   0|    1|          0|
    |ap_enable_reg_pp1_iter1               |   1|   0|    1|          0|
    |ap_enable_reg_pp1_iter2               |   1|   0|    1|          0|
    |ap_enable_reg_pp1_iter3               |   1|   0|    1|          0|
    |ap_enable_reg_pp1_iter4               |   1|   0|    1|          0|
    |ap_enable_reg_pp1_iter5               |   1|   0|    1|          0|
    |ap_enable_reg_pp1_iter6               |   1|   0|    1|          0|
    |ap_enable_reg_pp2_iter0               |   1|   0|    1|          0|
    |ap_enable_reg_pp2_iter1               |   1|   0|    1|          0|
    |ap_enable_reg_pp2_iter10              |   1|   0|    1|          0|
    |ap_enable_reg_pp2_iter11              |   1|   0|    1|          0|
    |ap_enable_reg_pp2_iter12              |   1|   0|    1|          0|
    |ap_enable_reg_pp2_iter13              |   1|   0|    1|          0|
    |ap_enable_reg_pp2_iter14              |   1|   0|    1|          0|
    |ap_enable_reg_pp2_iter2               |   1|   0|    1|          0|
    |ap_enable_reg_pp2_iter3               |   1|   0|    1|          0|
    |ap_enable_reg_pp2_iter4               |   1|   0|    1|          0|
    |ap_enable_reg_pp2_iter5               |   1|   0|    1|          0|
    |ap_enable_reg_pp2_iter6               |   1|   0|    1|          0|
    |ap_enable_reg_pp2_iter7               |   1|   0|    1|          0|
    |ap_enable_reg_pp2_iter8               |   1|   0|    1|          0|
    |ap_enable_reg_pp2_iter9               |   1|   0|    1|          0|
    |ap_enable_reg_pp3_iter0               |   1|   0|    1|          0|
    |ap_enable_reg_pp3_iter1               |   1|   0|    1|          0|
    |ap_enable_reg_pp3_iter2               |   1|   0|    1|          0|
    |ap_enable_reg_pp3_iter3               |   1|   0|    1|          0|
    |ap_enable_reg_pp3_iter4               |   1|   0|    1|          0|
    |ap_enable_reg_pp3_iter5               |   1|   0|    1|          0|
    |ap_enable_reg_pp3_iter6               |   1|   0|    1|          0|
    |ap_enable_reg_pp4_iter0               |   1|   0|    1|          0|
    |ap_enable_reg_pp4_iter1               |   1|   0|    1|          0|
    |ap_enable_reg_pp5_iter0               |   1|   0|    1|          0|
    |ap_enable_reg_pp5_iter1               |   1|   0|    1|          0|
    |ap_enable_reg_pp6_iter0               |   1|   0|    1|          0|
    |ap_enable_reg_pp6_iter1               |   1|   0|    1|          0|
    |ap_enable_reg_pp7_iter0               |   1|   0|    1|          0|
    |ap_enable_reg_pp7_iter1               |   1|   0|    1|          0|
    |ap_enable_reg_pp7_iter10              |   1|   0|    1|          0|
    |ap_enable_reg_pp7_iter11              |   1|   0|    1|          0|
    |ap_enable_reg_pp7_iter12              |   1|   0|    1|          0|
    |ap_enable_reg_pp7_iter13              |   1|   0|    1|          0|
    |ap_enable_reg_pp7_iter14              |   1|   0|    1|          0|
    |ap_enable_reg_pp7_iter15              |   1|   0|    1|          0|
    |ap_enable_reg_pp7_iter16              |   1|   0|    1|          0|
    |ap_enable_reg_pp7_iter17              |   1|   0|    1|          0|
    |ap_enable_reg_pp7_iter18              |   1|   0|    1|          0|
    |ap_enable_reg_pp7_iter2               |   1|   0|    1|          0|
    |ap_enable_reg_pp7_iter3               |   1|   0|    1|          0|
    |ap_enable_reg_pp7_iter4               |   1|   0|    1|          0|
    |ap_enable_reg_pp7_iter5               |   1|   0|    1|          0|
    |ap_enable_reg_pp7_iter6               |   1|   0|    1|          0|
    |ap_enable_reg_pp7_iter7               |   1|   0|    1|          0|
    |ap_enable_reg_pp7_iter8               |   1|   0|    1|          0|
    |ap_enable_reg_pp7_iter9               |   1|   0|    1|          0|
    |ap_enable_reg_pp8_iter0               |   1|   0|    1|          0|
    |ap_enable_reg_pp8_iter1               |   1|   0|    1|          0|
    |conv12_i_i_reg_1435                   |  32|   0|   32|          0|
    |conv27_i_i_reg_1442                   |  32|   0|   32|          0|
    |conv_i_i_reg_1397                     |  64|   0|   64|          0|
    |grp_QDLDL_factor_fu_647_ap_start_reg  |   1|   0|    1|          0|
    |i_114_cast_reg_1361                   |   5|   0|   64|         59|
    |i_116_cast_reg_1380                   |   5|   0|   64|         59|
    |i_118_cast_reg_1456                   |   5|   0|   64|         59|
    |i_119_cast_reg_1480                   |   5|   0|   64|         59|
    |i_84_reg_509                          |   2|   0|    2|          0|
    |i_85_reg_544                          |   2|   0|    2|          0|
    |i_86_reg_581                          |   2|   0|    2|          0|
    |i_87_reg_592                          |   5|   0|    5|          0|
    |i_89_reg_603                          |   5|   0|    5|          0|
    |i_91_reg_614                          |   5|   0|    5|          0|
    |i_92_reg_625                          |   5|   0|    5|          0|
    |i_95_reg_636                          |   5|   0|    5|          0|
    |i_reg_472                             |   2|   0|    2|          0|
    |icmp_ln107_1_reg_1409                 |   1|   0|    1|          0|
    |icmp_ln107_2_reg_1425                 |   1|   0|    1|          0|
    |icmp_ln107_3_reg_1430                 |   1|   0|    1|          0|
    |icmp_ln107_reg_1404                   |   1|   0|    1|          0|
    |icmp_ln21_1_reg_1291                  |   1|   0|    1|          0|
    |icmp_ln21_reg_1220                    |   1|   0|    1|          0|
    |icmp_ln43_5_reg_1376                  |   1|   0|    1|          0|
    |icmp_ln43_6_reg_1500                  |   1|   0|    1|          0|
    |icmp_ln43_reg_1357                    |   1|   0|    1|          0|
    |icmp_ln45_1_reg_1327                  |   1|   0|    1|          0|
    |icmp_ln45_reg_1261                    |   1|   0|    1|          0|
    |icmp_ln65_reg_1476                    |   1|   0|    1|          0|
    |mul_i_i_reg_1236                      |  32|   0|   32|          0|
    |reg_722                               |  32|   0|   32|          0|
    |reg_729                               |  32|   0|   32|          0|
    |reg_734                               |  32|   0|   32|          0|
    |reg_739                               |  32|   0|   32|          0|
    |reg_743                               |  32|   0|   32|          0|
    |select_ln46_6_reg_1337                |  32|   0|   32|          0|
    |select_ln46_reg_1271                  |  32|   0|   32|          0|
    |settings_rho                          |  32|   0|   32|          0|
    |tmp_87_reg_1414                       |   1|   0|    1|          0|
    |trunc_ln22_1_reg_1295                 |   1|   0|    1|          0|
    |trunc_ln22_reg_1224                   |   1|   0|    1|          0|
    |trunc_ln46_1_reg_1331                 |   1|   0|    1|          0|
    |trunc_ln46_reg_1265                   |   1|   0|    1|          0|
    |u_max_0_reg_1210                      |  32|   0|   32|          0|
    |v_max_0_012_reg_568                   |  32|   0|   32|          0|
    |v_max_1_013_reg_555                   |  32|   0|   32|          0|
    |v_min_0_010_reg_496                   |  32|   0|   32|          0|
    |v_min_1_011_reg_483                   |  32|   0|   32|          0|
    |work_rho_vec_load_reg_1490            |  32|   0|   32|          0|
    |i_119_cast_reg_1480                   |  64|  32|   64|         59|
    |icmp_ln21_1_reg_1291                  |  64|  32|    1|          0|
    |icmp_ln21_reg_1220                    |  64|  32|    1|          0|
    |icmp_ln45_1_reg_1327                  |  64|  32|    1|          0|
    |icmp_ln45_reg_1261                    |  64|  32|    1|          0|
    |icmp_ln65_reg_1476                    |  64|  32|    1|          0|
    |trunc_ln22_1_reg_1295                 |  64|  32|    1|          0|
    |trunc_ln22_reg_1224                   |  64|  32|    1|          0|
    |trunc_ln46_1_reg_1331                 |  64|  32|    1|          0|
    |trunc_ln46_reg_1265                   |  64|  32|    1|          0|
    +--------------------------------------+----+----+-----+-----------+
    |Total                                 |1569| 320| 1238|        295|
    +--------------------------------------+----+----+-----+-----------+



================================================================
== Interface
================================================================
* Summary: 
+------------------------------------+-----+-----+------------+---------------------------+--------------+
|              RTL Ports             | Dir | Bits|  Protocol  |       Source Object       |    C Type    |
+------------------------------------+-----+-----+------------+---------------------------+--------------+
|ap_clk                              |   in|    1|  ap_ctrl_hs|      atualizar_restricao_v|  return value|
|ap_rst                              |   in|    1|  ap_ctrl_hs|      atualizar_restricao_v|  return value|
|ap_start                            |   in|    1|  ap_ctrl_hs|      atualizar_restricao_v|  return value|
|ap_done                             |  out|    1|  ap_ctrl_hs|      atualizar_restricao_v|  return value|
|ap_idle                             |  out|    1|  ap_ctrl_hs|      atualizar_restricao_v|  return value|
|ap_ready                            |  out|    1|  ap_ctrl_hs|      atualizar_restricao_v|  return value|
|grp_fu_1198_p_din0                  |  out|   32|  ap_ctrl_hs|      atualizar_restricao_v|  return value|
|grp_fu_1198_p_din1                  |  out|   32|  ap_ctrl_hs|      atualizar_restricao_v|  return value|
|grp_fu_1198_p_opcode                |  out|    2|  ap_ctrl_hs|      atualizar_restricao_v|  return value|
|grp_fu_1198_p_dout0                 |   in|   32|  ap_ctrl_hs|      atualizar_restricao_v|  return value|
|grp_fu_1198_p_ce                    |  out|    1|  ap_ctrl_hs|      atualizar_restricao_v|  return value|
|grp_fu_1202_p_din0                  |  out|   32|  ap_ctrl_hs|      atualizar_restricao_v|  return value|
|grp_fu_1202_p_din1                  |  out|   32|  ap_ctrl_hs|      atualizar_restricao_v|  return value|
|grp_fu_1202_p_opcode                |  out|    2|  ap_ctrl_hs|      atualizar_restricao_v|  return value|
|grp_fu_1202_p_dout0                 |   in|   32|  ap_ctrl_hs|      atualizar_restricao_v|  return value|
|grp_fu_1202_p_ce                    |  out|    1|  ap_ctrl_hs|      atualizar_restricao_v|  return value|
|grp_fu_1216_p_din0                  |  out|   32|  ap_ctrl_hs|      atualizar_restricao_v|  return value|
|grp_fu_1216_p_din1                  |  out|   32|  ap_ctrl_hs|      atualizar_restricao_v|  return value|
|grp_fu_1216_p_dout0                 |   in|   32|  ap_ctrl_hs|      atualizar_restricao_v|  return value|
|grp_fu_1216_p_ce                    |  out|    1|  ap_ctrl_hs|      atualizar_restricao_v|  return value|
|grp_fu_1220_p_din0                  |  out|   32|  ap_ctrl_hs|      atualizar_restricao_v|  return value|
|grp_fu_1220_p_din1                  |  out|   32|  ap_ctrl_hs|      atualizar_restricao_v|  return value|
|grp_fu_1220_p_dout0                 |   in|   32|  ap_ctrl_hs|      atualizar_restricao_v|  return value|
|grp_fu_1220_p_ce                    |  out|    1|  ap_ctrl_hs|      atualizar_restricao_v|  return value|
|grp_fu_1250_p_din0                  |  out|   32|  ap_ctrl_hs|      atualizar_restricao_v|  return value|
|grp_fu_1250_p_din1                  |  out|   32|  ap_ctrl_hs|      atualizar_restricao_v|  return value|
|grp_fu_1250_p_dout0                 |   in|   32|  ap_ctrl_hs|      atualizar_restricao_v|  return value|
|grp_fu_1250_p_ce                    |  out|    1|  ap_ctrl_hs|      atualizar_restricao_v|  return value|
|grp_fu_1256_p_din0                  |  out|   32|  ap_ctrl_hs|      atualizar_restricao_v|  return value|
|grp_fu_1256_p_din1                  |  out|   32|  ap_ctrl_hs|      atualizar_restricao_v|  return value|
|grp_fu_1256_p_dout0                 |   in|   32|  ap_ctrl_hs|      atualizar_restricao_v|  return value|
|grp_fu_1256_p_ce                    |  out|    1|  ap_ctrl_hs|      atualizar_restricao_v|  return value|
|grp_fu_1264_p_din0                  |  out|   32|  ap_ctrl_hs|      atualizar_restricao_v|  return value|
|grp_fu_1264_p_din1                  |  out|   32|  ap_ctrl_hs|      atualizar_restricao_v|  return value|
|grp_fu_1264_p_opcode                |  out|    5|  ap_ctrl_hs|      atualizar_restricao_v|  return value|
|grp_fu_1264_p_dout0                 |   in|    1|  ap_ctrl_hs|      atualizar_restricao_v|  return value|
|grp_fu_1264_p_ce                    |  out|    1|  ap_ctrl_hs|      atualizar_restricao_v|  return value|
|l_new_address0                      |  out|    5|   ap_memory|                      l_new|         array|
|l_new_ce0                           |  out|    1|   ap_memory|                      l_new|         array|
|l_new_we0                           |  out|    1|   ap_memory|                      l_new|         array|
|l_new_d0                            |  out|   32|   ap_memory|                      l_new|         array|
|l_new_q0                            |   in|   32|   ap_memory|                      l_new|         array|
|l_new_address1                      |  out|    5|   ap_memory|                      l_new|         array|
|l_new_ce1                           |  out|    1|   ap_memory|                      l_new|         array|
|l_new_we1                           |  out|    1|   ap_memory|                      l_new|         array|
|l_new_d1                            |  out|   32|   ap_memory|                      l_new|         array|
|u_new_address0                      |  out|    5|   ap_memory|                      u_new|         array|
|u_new_ce0                           |  out|    1|   ap_memory|                      u_new|         array|
|u_new_we0                           |  out|    1|   ap_memory|                      u_new|         array|
|u_new_d0                            |  out|   32|   ap_memory|                      u_new|         array|
|u_new_q0                            |   in|   32|   ap_memory|                      u_new|         array|
|u_new_address1                      |  out|    5|   ap_memory|                      u_new|         array|
|u_new_ce1                           |  out|    1|   ap_memory|                      u_new|         array|
|u_new_we1                           |  out|    1|   ap_memory|                      u_new|         array|
|u_new_d1                            |  out|   32|   ap_memory|                      u_new|         array|
|vdc                                 |   in|   32|     ap_none|                        vdc|        scalar|
|Einv_0_0_read                       |   in|   32|     ap_none|              Einv_0_0_read|        scalar|
|Einv_0_1_read                       |   in|   32|     ap_none|              Einv_0_1_read|        scalar|
|Einv_1_0_read                       |   in|   32|     ap_none|              Einv_1_0_read|        scalar|
|Einv_1_1_read                       |   in|   32|     ap_none|              Einv_1_1_read|        scalar|
|Ax_0_read                           |   in|   32|     ap_none|                  Ax_0_read|        scalar|
|Ax_1_read                           |   in|   32|     ap_none|                  Ax_1_read|        scalar|
|ldata_address0                      |  out|    5|   ap_memory|                      ldata|         array|
|ldata_ce0                           |  out|    1|   ap_memory|                      ldata|         array|
|ldata_we0                           |  out|    1|   ap_memory|                      ldata|         array|
|ldata_d0                            |  out|   32|   ap_memory|                      ldata|         array|
|udata_address0                      |  out|    5|   ap_memory|                      udata|         array|
|udata_ce0                           |  out|    1|   ap_memory|                      udata|         array|
|udata_we0                           |  out|    1|   ap_memory|                      udata|         array|
|udata_d0                            |  out|   32|   ap_memory|                      udata|         array|
|info_status_val                     |  out|    5|      ap_vld|            info_status_val|       pointer|
|info_status_val_ap_vld              |  out|    1|      ap_vld|            info_status_val|       pointer|
|work_rho_vec_address0               |  out|    5|   ap_memory|               work_rho_vec|         array|
|work_rho_vec_ce0                    |  out|    1|   ap_memory|               work_rho_vec|         array|
|work_rho_vec_we0                    |  out|    1|   ap_memory|               work_rho_vec|         array|
|work_rho_vec_d0                     |  out|   32|   ap_memory|               work_rho_vec|         array|
|work_rho_vec_q0                     |   in|   32|   ap_memory|               work_rho_vec|         array|
|work_rho_inv_vec_address0           |  out|    5|   ap_memory|           work_rho_inv_vec|         array|
|work_rho_inv_vec_ce0                |  out|    1|   ap_memory|           work_rho_inv_vec|         array|
|work_rho_inv_vec_we0                |  out|    1|   ap_memory|           work_rho_inv_vec|         array|
|work_rho_inv_vec_d0                 |  out|   32|   ap_memory|           work_rho_inv_vec|         array|
|linsys_solver_rho_inv_vec_address0  |  out|    5|   ap_memory|  linsys_solver_rho_inv_vec|         array|
|linsys_solver_rho_inv_vec_ce0       |  out|    1|   ap_memory|  linsys_solver_rho_inv_vec|         array|
|linsys_solver_rho_inv_vec_we0       |  out|    1|   ap_memory|  linsys_solver_rho_inv_vec|         array|
|linsys_solver_rho_inv_vec_d0        |  out|   32|   ap_memory|  linsys_solver_rho_inv_vec|         array|
|linsys_solver_rho_inv_vec_q0        |   in|   32|   ap_memory|  linsys_solver_rho_inv_vec|         array|
|linsys_solver_KKT_x_address0        |  out|    7|   ap_memory|        linsys_solver_KKT_x|         array|
|linsys_solver_KKT_x_ce0             |  out|    1|   ap_memory|        linsys_solver_KKT_x|         array|
|linsys_solver_KKT_x_we0             |  out|    1|   ap_memory|        linsys_solver_KKT_x|         array|
|linsys_solver_KKT_x_d0              |  out|   32|   ap_memory|        linsys_solver_KKT_x|         array|
|linsys_solver_KKT_x_q0              |   in|   32|   ap_memory|        linsys_solver_KKT_x|         array|
|linsys_solver_L_p_address0          |  out|    6|   ap_memory|          linsys_solver_L_p|         array|
|linsys_solver_L_p_ce0               |  out|    1|   ap_memory|          linsys_solver_L_p|         array|
|linsys_solver_L_p_we0               |  out|    1|   ap_memory|          linsys_solver_L_p|         array|
|linsys_solver_L_p_d0                |  out|    6|   ap_memory|          linsys_solver_L_p|         array|
|linsys_solver_L_p_q0                |   in|    6|   ap_memory|          linsys_solver_L_p|         array|
|linsys_solver_bwork_address0        |  out|    6|   ap_memory|        linsys_solver_bwork|         array|
|linsys_solver_bwork_ce0             |  out|    1|   ap_memory|        linsys_solver_bwork|         array|
|linsys_solver_bwork_we0             |  out|    1|   ap_memory|        linsys_solver_bwork|         array|
|linsys_solver_bwork_d0              |  out|    1|   ap_memory|        linsys_solver_bwork|         array|
|linsys_solver_bwork_q0              |   in|    1|   ap_memory|        linsys_solver_bwork|         array|
|linsys_solver_fwork_address0        |  out|    6|   ap_memory|        linsys_solver_fwork|         array|
|linsys_solver_fwork_ce0             |  out|    1|   ap_memory|        linsys_solver_fwork|         array|
|linsys_solver_fwork_we0             |  out|    1|   ap_memory|        linsys_solver_fwork|         array|
|linsys_solver_fwork_d0              |  out|   32|   ap_memory|        linsys_solver_fwork|         array|
|linsys_solver_fwork_q0              |   in|   32|   ap_memory|        linsys_solver_fwork|         array|
|linsys_solver_D_address0            |  out|    6|   ap_memory|            linsys_solver_D|         array|
|linsys_solver_D_ce0                 |  out|    1|   ap_memory|            linsys_solver_D|         array|
|linsys_solver_D_we0                 |  out|    1|   ap_memory|            linsys_solver_D|         array|
|linsys_solver_D_d0                  |  out|   32|   ap_memory|            linsys_solver_D|         array|
|linsys_solver_D_q0                  |   in|   32|   ap_memory|            linsys_solver_D|         array|
|linsys_solver_iwork_address0        |  out|    7|   ap_memory|        linsys_solver_iwork|         array|
|linsys_solver_iwork_ce0             |  out|    1|   ap_memory|        linsys_solver_iwork|         array|
|linsys_solver_iwork_we0             |  out|    1|   ap_memory|        linsys_solver_iwork|         array|
|linsys_solver_iwork_d0              |  out|    6|   ap_memory|        linsys_solver_iwork|         array|
|linsys_solver_iwork_address1        |  out|    7|   ap_memory|        linsys_solver_iwork|         array|
|linsys_solver_iwork_ce1             |  out|    1|   ap_memory|        linsys_solver_iwork|         array|
|linsys_solver_iwork_we1             |  out|    1|   ap_memory|        linsys_solver_iwork|         array|
|linsys_solver_iwork_d1              |  out|    6|   ap_memory|        linsys_solver_iwork|         array|
|linsys_solver_iwork_q1              |   in|    6|   ap_memory|        linsys_solver_iwork|         array|
|linsys_solver_L_x_address0          |  out|    6|   ap_memory|          linsys_solver_L_x|         array|
|linsys_solver_L_x_ce0               |  out|    1|   ap_memory|          linsys_solver_L_x|         array|
|linsys_solver_L_x_we0               |  out|    1|   ap_memory|          linsys_solver_L_x|         array|
|linsys_solver_L_x_d0                |  out|   32|   ap_memory|          linsys_solver_L_x|         array|
|linsys_solver_L_x_q0                |   in|   32|   ap_memory|          linsys_solver_L_x|         array|
|linsys_solver_L_i_address0          |  out|    6|   ap_memory|          linsys_solver_L_i|         array|
|linsys_solver_L_i_ce0               |  out|    1|   ap_memory|          linsys_solver_L_i|         array|
|linsys_solver_L_i_we0               |  out|    1|   ap_memory|          linsys_solver_L_i|         array|
|linsys_solver_L_i_d0                |  out|    6|   ap_memory|          linsys_solver_L_i|         array|
|linsys_solver_L_i_q0                |   in|    6|   ap_memory|          linsys_solver_L_i|         array|
|linsys_solver_Dinv_address0         |  out|    6|   ap_memory|         linsys_solver_Dinv|         array|
|linsys_solver_Dinv_ce0              |  out|    1|   ap_memory|         linsys_solver_Dinv|         array|
|linsys_solver_Dinv_we0              |  out|    1|   ap_memory|         linsys_solver_Dinv|         array|
|linsys_solver_Dinv_d0               |  out|   32|   ap_memory|         linsys_solver_Dinv|         array|
|linsys_solver_Dinv_q0               |   in|   32|   ap_memory|         linsys_solver_Dinv|         array|
+------------------------------------+-----+-----+------------+---------------------------+--------------+

