

================================================================
== Vitis HLS Report for 'compute_dua_res'
================================================================
* Date:           Sat Feb  7 11:29:10 2026

* Version:        2020.2 (Build 3064766 on Wed Nov 18 09:12:45 MST 2020)
* Project:        hls_project
* Solution:       solution1 (Vivado IP Flow Target)
* Product family: zynq
* Target device:  xc7z020-clg484-1


================================================================
== Performance Estimates
================================================================
+ Timing: 
    * Summary: 
    +--------+----------+----------+------------+
    |  Clock |  Target  | Estimated| Uncertainty|
    +--------+----------+----------+------------+
    |ap_clk  |  10.00 ns|  4.644 ns|     2.70 ns|
    +--------+----------+----------+------------+

+ Latency: 
    * Summary: 
    +---------+---------+----------+----------+-----+-----+---------+
    |  Latency (cycles) |  Latency (absolute) |  Interval | Pipeline|
    |   min   |   max   |    min   |    max   | min | max |   Type  |
    +---------+---------+----------+----------+-----+-----+---------+
    |        ?|        ?|         ?|         ?|    ?|    ?|     none|
    +---------+---------+----------+----------+-----+-----+---------+

    + Detail: 
        * Instance: 
        N/A

        * Loop: 
        +-------------------+---------+---------+----------+-----------+-----------+------+----------+
        |                   |  Latency (cycles) | Iteration|  Initiation Interval  | Trip |          |
        |     Loop Name     |   min   |   max   |  Latency |  achieved |   target  | Count| Pipelined|
        +-------------------+---------+---------+----------+-----------+-----------+------+----------+
        |- VITIS_LOOP_43_1  |       30|       30|         2|          -|          -|    15|        no|
        |- VITIS_LOOP_85_1  |       19|       19|         1|          -|          -|    19|        no|
        +-------------------+---------+---------+----------+-----------+-----------+------+----------+



================================================================
== Utilization Estimates
================================================================
* Summary: 
+-----------------+---------+-----+--------+-------+-----+
|       Name      | BRAM_18K| DSP |   FF   |  LUT  | URAM|
+-----------------+---------+-----+--------+-------+-----+
|DSP              |        -|    -|       -|      -|    -|
|Expression       |        -|    -|       0|     35|    -|
|FIFO             |        -|    -|       -|      -|    -|
|Instance         |        -|    -|       -|      -|    -|
|Memory           |        -|    -|       -|      -|    -|
|Multiplexer      |        -|    -|       -|     43|    -|
|Register         |        -|    -|      20|      -|    -|
+-----------------+---------+-----+--------+-------+-----+
|Total            |        0|    0|      20|     78|    0|
+-----------------+---------+-----+--------+-------+-----+
|Available        |      280|  220|  106400|  53200|    0|
+-----------------+---------+-----+--------+-------+-----+
|Utilization (%)  |        0|    0|      ~0|     ~0|    0|
+-----------------+---------+-----+--------+-------+-----+

+ Detail: 
    * Instance: 
    N/A

    * DSP: 
    N/A

    * Memory: 
    N/A

    * FIFO: 
    N/A

    * Expression: 
    +---------------------+----------+----+---+----+------------+------------+
    |    Variable Name    | Operation| DSP| FF| LUT| Bitwidth P0| Bitwidth P1|
    +---------------------+----------+----+---+----+------------+------------+
    |i_72_fu_91_p2        |         +|   0|  0|  13|           4|           1|
    |i_74_fu_113_p2       |         +|   0|  0|  13|           4|           1|
    |icmp_ln43_fu_102_p2  |      icmp|   0|  0|   9|           4|           2|
    +---------------------+----------+----+---+----+------------+------------+
    |Total                |          |   0|  0|  35|          12|           4|
    +---------------------+----------+----+---+----+------------+------------+

    * Multiplexer: 
    +-------------+----+-----------+-----+-----------+
    |     Name    | LUT| Input Size| Bits| Total Bits|
    +-------------+----+-----------+-----+-----------+
    |ap_NS_fsm    |  25|          5|    1|          5|
    |i_73_reg_80  |   9|          2|    4|          8|
    |i_reg_69     |   9|          2|    4|          8|
    +-------------+----+-----------+-----+-----------+
    |Total        |  43|          9|    9|         21|
    +-------------+----+-----------+-----+-----------+

    * Register: 
    +-------------------+---+----+-----+-----------+
    |        Name       | FF| LUT| Bits| Const Bits|
    +-------------------+---+----+-----+-----------+
    |ap_CS_fsm          |  4|   0|    4|          0|
    |i_72_reg_119       |  4|   0|    4|          0|
    |i_73_reg_80        |  4|   0|    4|          0|
    |i_reg_69           |  4|   0|    4|          0|
    |zext_ln43_reg_124  |  4|   0|   64|         60|
    +-------------------+---+----+-----+-----------+
    |Total              | 20|   0|   80|         60|
    +-------------------+---+----+-----+-----------+



================================================================
== Interface
================================================================
* Summary: 
+----------------------+-----+-----+------------+-----------------+--------------+
|       RTL Ports      | Dir | Bits|  Protocol  |  Source Object  |    C Type    |
+----------------------+-----+-----+------------+-----------------+--------------+
|ap_clk                |   in|    1|  ap_ctrl_hs|  compute_dua_res|  return value|
|ap_rst                |   in|    1|  ap_ctrl_hs|  compute_dua_res|  return value|
|ap_start              |   in|    1|  ap_ctrl_hs|  compute_dua_res|  return value|
|ap_done               |  out|    1|  ap_ctrl_hs|  compute_dua_res|  return value|
|ap_idle               |  out|    1|  ap_ctrl_hs|  compute_dua_res|  return value|
|ap_ready              |  out|    1|  ap_ctrl_hs|  compute_dua_res|  return value|
|qdata_address0        |  out|    4|   ap_memory|            qdata|         array|
|qdata_ce0             |  out|    1|   ap_memory|            qdata|         array|
|qdata_q0              |   in|   32|   ap_memory|            qdata|         array|
|work_x_prev_address0  |  out|    4|   ap_memory|      work_x_prev|         array|
|work_x_prev_ce0       |  out|    1|   ap_memory|      work_x_prev|         array|
|work_x_prev_we0       |  out|    1|   ap_memory|      work_x_prev|         array|
|work_x_prev_d0        |  out|   32|   ap_memory|      work_x_prev|         array|
|work_Px_address0      |  out|    4|   ap_memory|          work_Px|         array|
|work_Px_ce0           |  out|    1|   ap_memory|          work_Px|         array|
|work_Px_we0           |  out|    1|   ap_memory|          work_Px|         array|
|work_Px_d0            |  out|   32|   ap_memory|          work_Px|         array|
+----------------------+-----+-----+------------+-----------------+--------------+

