

================================================================
== Synthesis Summary Report of 'myFunction'
================================================================
+ General Information: 
    * Date:           Sat Feb  7 11:29:26 2026
    * Version:        2020.2 (Build 3064766 on Wed Nov 18 09:12:45 MST 2020)
    * Project:        hls_project
    * Solution:       solution1 (Vivado IP Flow Target)
    * Product family: zynq
    * Target device:  xc7z020-clg484-1
    

+ Performance & Resource Estimates: 
    
    PS: '+' for module; 'o' for loop; '*' for dataflow
    +--------------------------------------+--------+-------+---------+-----------+----------+---------+------+----------+---------+----------+-------------+-------------+-----+
    |                Modules               |  Issue |       | Latency |  Latency  | Iteration|         | Trip |          |         |          |             |             |     |
    |                & Loops               |  Type  | Slack | (cycles)|    (ns)   |  Latency | Interval| Count| Pipelined|  BRAM   |    DSP   |      FF     |     LUT     | URAM|
    +--------------------------------------+--------+-------+---------+-----------+----------+---------+------+----------+---------+----------+-------------+-------------+-----+
    |+ myFunction                          |  Timing|   7.21|        -|          -|         -|        -|     -|        no|  11 (3%)|  43 (19%)|  17934 (16%)|  27822 (52%)|    -|
    | + grp_osqp_solve_fu_1055             |  Timing|   7.21|        -|          -|         -|        -|     -|        no|   5 (1%)|   13 (5%)|    8174 (7%)|  12726 (23%)|    -|
    |  + grp_check_termination_fu_939      |  Timing|   7.21|        -|          -|         -|        -|     -|        no|        -|    8 (3%)|    3296 (3%)|   7048 (13%)|    -|
    |   + grp_is_primal_infeasible_fu_317  |  Timing|   7.21|        -|          -|         -|        -|     -|        no|        -|         -|    1567 (1%)|    2584 (4%)|    -|
    |    o VITIS_LOOP_126_1                |       -|  -7.30|      171|  2.482e+03|         9|        -|    19|        no|        -|         -|            -|            -|    -|
    |    o VITIS_LOOP_14_1                 |       -|  -7.30|      114|  1.654e+03|         6|        -|    19|        no|        -|         -|            -|            -|    -|
    |    o VITIS_LOOP_139_2                |       -|  -7.30|      361|  5.239e+03|        19|        -|    19|        no|        -|         -|            -|            -|    -|
    |    o VITIS_LOOP_101_1                |       -|  -7.30|       15|    217.680|         1|        -|    15|        no|        -|         -|            -|            -|    -|
    |    o VITIS_LOOP_105_2                |       -|  -7.30|        -|          -|         -|        -|     -|        no|        -|         -|            -|            -|    -|
    |     o VITIS_LOOP_106_3               |      II|  -7.30|        -|          -|        12|        4|     -|       yes|        -|         -|            -|            -|    -|
    |    o VITIS_LOOP_14_1                 |      II|  -7.30|       35|    507.920|         7|        2|    15|       yes|        -|         -|            -|            -|    -|
    |   + grp_is_dual_infeasible_fu_337    |       -|  -0.19|      278|  4.034e+03|         -|      278|     -|        no|        -|         -|    552 (~0%)|    1314 (2%)|    -|
    |    o VITIS_LOOP_14_1                 |       -|  -7.30|       90|  1.306e+03|         6|        -|    15|        no|        -|         -|            -|            -|    -|
    |    o VITIS_LOOP_49_1                 |       -|  -7.30|      180|  2.612e+03|        12|        -|    15|        no|        -|         -|            -|            -|    -|
    |    o VITIS_LOOP_85_1                 |       -|  -7.30|       19|    275.728|         1|        -|    19|        no|        -|         -|            -|            -|    -|
    |   o VITIS_LOOP_14_1                  |       -|  -7.30|      114|  1.654e+03|         6|        -|    19|        no|        -|         -|            -|            -|    -|
    |   o VITIS_LOOP_14_1                  |       -|  -7.30|      114|  1.654e+03|         6|        -|    19|        no|        -|         -|            -|            -|    -|
    |   o VITIS_LOOP_14_1                  |       -|  -7.30|       90|  1.306e+03|         6|        -|    15|        no|        -|         -|            -|            -|    -|
    |   o VITIS_LOOP_14_1                  |       -|  -7.30|       30|    435.360|         2|        -|    15|        no|        -|         -|            -|            -|    -|
    |   o VITIS_LOOP_14_1                  |       -|  -7.30|       90|  1.306e+03|         6|        -|    15|        no|        -|         -|            -|            -|    -|
    |  + grp_solve_linsys_qdldl_fu_976     |  Timing|   7.21|        -|          -|         -|        -|     -|        no|   3 (1%)|         -|    1198 (1%)|    1300 (2%)|    -|
    |   o VITIS_LOOP_12_1                  |       -|  -7.30|      102|  1.480e+03|         3|        -|    34|        no|        -|         -|            -|            -|    -|
    |   o VITIS_LOOP_243_1                 |       -|  -7.30|        -|          -|         -|        -|     -|        no|        -|         -|            -|            -|    -|
    |    o VITIS_LOOP_245_2                |      II|  -7.30|        -|          -|        12|        6|     -|       yes|        -|         -|            -|            -|    -|
    |   o VITIS_LOOP_279_1                 |       -|  -7.30|       39|    565.968|         7|        1|    34|       yes|        -|         -|            -|            -|    -|
    |   o VITIS_LOOP_259_1                 |       -|  -7.30|        -|          -|         -|        -|     -|        no|        -|         -|            -|            -|    -|
    |    o VITIS_LOOP_261_2                |      II|  -7.30|        -|          -|        12|        4|     -|       yes|        -|         -|            -|            -|    -|
    |   o VITIS_LOOP_17_1                  |       -|  -7.30|       34|    493.408|         2|        1|    34|       yes|        -|         -|            -|            -|    -|
    |   o VITIS_LOOP_37_1                  |       -|  -7.30|       15|    217.680|         2|        1|    15|       yes|        -|         -|            -|            -|    -|
    |   o VITIS_LOOP_41_2                  |       -|  -7.30|       29|    420.848|        12|        1|    19|       yes|        -|         -|            -|            -|    -|
    |  + grp_compute_dua_res_fu_998        |       -|  -2.66|        -|          -|         -|        -|     -|        no|        -|         -|     20 (~0%)|     78 (~0%)|    -|
    |   o VITIS_LOOP_43_1                  |       -|  -7.30|       30|    435.360|         2|        -|    15|        no|        -|         -|            -|            -|    -|
    |   o VITIS_LOOP_85_1                  |       -|  -7.30|       19|    275.728|         1|        -|    19|        no|        -|         -|            -|            -|    -|
    |  o VITIS_LOOP_31_1                   |       -|  -7.30|       15|    217.680|         1|        1|    15|       yes|        -|         -|            -|            -|    -|
    |  o VITIS_LOOP_31_1                   |       -|  -7.30|       19|    275.728|         1|        1|    19|       yes|        -|         -|            -|            -|    -|
    |  o VITIS_LOOP_31_1                   |       -|  -7.30|       19|    275.728|         1|        1|    19|       yes|        -|         -|            -|            -|    -|
    |  o VITIS_LOOP_33_1                   |       -|  -7.30|        -|          -|         -|        -|     -|        no|        -|         -|            -|            -|    -|
    |   o VITIS_LOOP_43_1                  |       -|  -7.30|       15|    217.680|         2|        1|    15|       yes|        -|         -|            -|            -|    -|
    |   o VITIS_LOOP_43_1                  |       -|  -7.30|       19|    275.728|         2|        1|    19|       yes|        -|         -|            -|            -|    -|
    |   o VITIS_LOOP_28_1                  |       -|  -7.30|       25|    362.800|        12|        1|    15|       yes|        -|         -|            -|            -|    -|
    |   o VITIS_LOOP_29_2                  |       -|  -7.30|       29|    420.848|        12|        1|    19|       yes|        -|         -|            -|            -|    -|
    |   o VITIS_LOOP_39_1                  |       -|  -7.30|       30|    435.360|        17|        1|    15|       yes|        -|         -|            -|            -|    -|
    |   o VITIS_LOOP_47_1                  |       -|  -7.30|       34|    493.408|        17|        1|    19|       yes|        -|         -|            -|            -|    -|
    |   o VITIS_LOOP_6_1                   |       -|  -7.30|       24|    348.288|         7|        1|    19|       yes|        -|         -|            -|            -|    -|
    |   o VITIS_LOOP_55_1                  |       -|  -7.30|       43|    624.016|        26|        1|    19|       yes|        -|         -|            -|            -|    -|
    |   o VITIS_LOOP_85_1                  |       -|  -7.30|       19|    275.728|         1|        1|    19|       yes|        -|         -|            -|            -|    -|
    |   o VITIS_LOOP_89_2                  |       -|  -7.30|        -|          -|         -|        -|     -|        no|        -|         -|            -|            -|    -|
    |    o VITIS_LOOP_90_3                 |      II|  -7.30|        -|          -|        12|        6|     -|       yes|        -|         -|            -|            -|    -|
    |   o VITIS_LOOP_5_1                   |       -|  -7.30|       25|    362.800|         8|        1|    19|       yes|        -|         -|            -|            -|    -|
    |   o VITIS_LOOP_14_1                  |      II|  -7.30|       42|    609.504|         7|        2|    19|       yes|        -|         -|            -|            -|    -|
    |  o VITIS_LOOP_31_1                   |       -|  -7.30|       15|    217.680|         1|        1|    15|       yes|        -|         -|            -|            -|    -|
    |  o VITIS_LOOP_31_1                   |       -|  -7.30|       19|    275.728|         1|        1|    19|       yes|        -|         -|            -|            -|    -|
    |  o VITIS_LOOP_31_1                   |       -|  -7.30|       19|    275.728|         1|        1|    19|       yes|        -|         -|            -|            -|    -|
    | + grp_atualizar_restricao_v_fu_1119  |       -|  -0.04|        -|          -|         -|        -|     -|        no|        -|    5 (2%)|    3358 (3%)|    4617 (8%)|    -|
    |  + grp_QDLDL_factor_fu_647           |       -|  -0.04|        -|          -|         -|        -|     -|        no|        -|    5 (2%)|    1781 (1%)|    2597 (4%)|    -|
    |   o VITIS_LOOP_104_1                 |       -|  -7.30|       34|    493.408|         1|        1|    34|       yes|        -|         -|            -|            -|    -|
    |   o VITIS_LOOP_126_2                 |       -|  -7.30|        -|          -|         -|        -|     -|        no|        -|         -|            -|            -|    -|
    |    o VITIS_LOOP_142_3                |       -|  -7.30|        -|          -|         -|        -|     -|        no|        -|         -|            -|            -|    -|
    |     o VITIS_LOOP_170_4               |      II|  -7.30|        -|          -|         2|        2|     -|       yes|        -|         -|            -|            -|    -|
    |     o VITIS_LOOP_182_5               |       -|  -7.30|        -|          -|         2|        1|     -|       yes|        -|         -|            -|            -|    -|
    |    o VITIS_LOOP_190_6                |       -|  -7.30|        -|          -|         -|        -|     -|        no|        -|         -|            -|            -|    -|
    |     o VITIS_LOOP_199_7               |      II|  -7.30|        -|          -|        12|        6|     -|       yes|        -|         -|            -|            -|    -|
    |  o VITIS_LOOP_21_1                   |       -|  -7.30|       15|    217.680|        15|        1|     2|       yes|        -|         -|            -|            -|    -|
    |  o VITIS_LOOP_45_1                   |       -|  -7.30|        7|    101.584|         7|        1|     2|       yes|        -|         -|            -|            -|    -|
    |  o VITIS_LOOP_21_1                   |       -|  -7.30|       15|    217.680|        15|        1|     2|       yes|        -|         -|            -|            -|    -|
    |  o VITIS_LOOP_45_1                   |       -|  -7.30|        7|    101.584|         7|        1|     2|       yes|        -|         -|            -|            -|    -|
    |  o VITIS_LOOP_43_1                   |       -|  -7.30|       19|    275.728|         2|        1|    19|       yes|        -|         -|            -|            -|    -|
    |  o VITIS_LOOP_43_1                   |       -|  -7.30|       19|    275.728|         2|        1|    19|       yes|        -|         -|            -|            -|    -|
    |  o VITIS_LOOP_108_1                  |       -|  -7.30|       19|    275.728|         2|        1|    19|       yes|        -|         -|            -|            -|    -|
    |  o VITIS_LOOP_65_1                   |       -|  -7.30|       36|    522.432|        19|        1|    19|       yes|        -|         -|            -|            -|    -|
    |  o VITIS_LOOP_43_1                   |       -|  -7.30|       19|    275.728|         2|        1|    19|       yes|        -|         -|            -|            -|    -|
    | + grp_QDLDL_factor_fu_1172           |       -|  -0.04|        -|          -|         -|        -|     -|        no|        -|    5 (2%)|    1781 (1%)|    2597 (4%)|    -|
    |  o VITIS_LOOP_104_1                  |       -|  -7.30|       34|    493.408|         1|        1|    34|       yes|        -|         -|            -|            -|    -|
    |  o VITIS_LOOP_126_2                  |       -|  -7.30|        -|          -|         -|        -|     -|        no|        -|         -|            -|            -|    -|
    |   o VITIS_LOOP_142_3                 |       -|  -7.30|        -|          -|         -|        -|     -|        no|        -|         -|            -|            -|    -|
    |    o VITIS_LOOP_170_4                |      II|  -7.30|        -|          -|         2|        2|     -|       yes|        -|         -|            -|            -|    -|
    |    o VITIS_LOOP_182_5                |       -|  -7.30|        -|          -|         2|        1|     -|       yes|        -|         -|            -|            -|    -|
    |   o VITIS_LOOP_190_6                 |       -|  -7.30|        -|          -|         -|        -|     -|        no|        -|         -|            -|            -|    -|
    |    o VITIS_LOOP_199_7                |      II|  -7.30|        -|          -|        12|        6|     -|       yes|        -|         -|            -|            -|    -|
    | o VITIS_LOOP_43_1                    |       -|  -7.30|       15|    217.680|         2|        1|    15|       yes|        -|         -|            -|            -|    -|
    | o VITIS_LOOP_43_1                    |       -|  -7.30|       19|    275.728|         2|        1|    19|       yes|        -|         -|            -|            -|    -|
    | o VITIS_LOOP_43_1                    |       -|  -7.30|       19|    275.728|         2|        1|    19|       yes|        -|         -|            -|            -|    -|
    | o VITIS_LOOP_43_1                    |       -|  -7.30|       15|    217.680|         2|        1|    15|       yes|        -|         -|            -|            -|    -|
    | o VITIS_LOOP_21_1                    |       -|  -7.30|       15|    217.680|        15|        1|     2|       yes|        -|         -|            -|            -|    -|
    | o VITIS_LOOP_45_1                    |       -|  -7.30|        7|    101.584|         7|        1|     2|       yes|        -|         -|            -|            -|    -|
    | o VITIS_LOOP_54_1                    |       -|  -7.30|        3|     43.536|         1|        1|     3|       yes|        -|         -|            -|            -|    -|
    | o VITIS_LOOP_64_2                    |       -|  -7.30|        4|     58.048|         1|        1|     4|       yes|        -|         -|            -|            -|    -|
    | o VITIS_LOOP_94_1                    |       -|  -7.30|       12|    174.144|         2|        1|    12|       yes|        -|         -|            -|            -|    -|
    | o VITIS_LOOP_15_1                    |       -|  -7.30|       12|    174.144|         2|        1|    12|       yes|        -|         -|            -|            -|    -|
    | o VITIS_LOOP_19_2                    |      II|  -7.30|       63|    914.256|        10|        6|    10|       yes|        -|         -|            -|            -|    -|
    | o VITIS_LOOP_33_1                    |       -|  -7.30|       43|    624.016|         2|        1|    43|       yes|        -|         -|            -|            -|    -|
    +--------------------------------------+--------+-------+---------+-----------+----------+---------+------+----------+---------+----------+-------------+-------------+-----+

