

================================================================
== Vitis HLS Report for 'is_primal_infeasible'
================================================================
* Date:           Sat Feb  7 11:29:11 2026

* Version:        2020.2 (Build 3064766 on Wed Nov 18 09:12:45 MST 2020)
* Project:        hls_project
* Solution:       solution1 (Vivado IP Flow Target)
* Product family: zynq
* Target device:  xc7z020-clg484-1


================================================================
== Performance Estimates
================================================================
+ Timing: 
    * Summary: 
    +--------+----------+-----------+------------+
    |  Clock |  Target  | Estimated | Uncertainty|
    +--------+----------+-----------+------------+
    |ap_clk  |  10.00 ns|  14.512 ns|     2.70 ns|
    +--------+----------+-----------+------------+

+ Latency: 
    * Summary: 
    +---------+---------+----------+----------+-----+-----+---------+
    |  Latency (cycles) |  Latency (absolute) |  Interval | Pipeline|
    |   min   |   max   |    min   |    max   | min | max |   Type  |
    +---------+---------+----------+----------+-----+-----+---------+
    |        ?|        ?|         ?|         ?|    ?|    ?|     none|
    +---------+---------+----------+----------+-----+-----+---------+

    + Detail: 
        * Instance: 
        N/A

        * Loop: 
        +---------------------+---------+---------+----------+-----------+-----------+------+----------+
        |                     |  Latency (cycles) | Iteration|  Initiation Interval  | Trip |          |
        |      Loop Name      |   min   |   max   |  Latency |  achieved |   target  | Count| Pipelined|
        +---------------------+---------+---------+----------+-----------+-----------+------+----------+
        |- VITIS_LOOP_126_1   |      114|      171|     6 ~ 9|          -|          -|    19|        no|
        |- VITIS_LOOP_14_1    |      114|      114|         6|          -|          -|    19|        no|
        |- VITIS_LOOP_139_2   |      361|      361|        19|          -|          -|    19|        no|
        |- VITIS_LOOP_101_1   |       15|       15|         1|          -|          -|    15|        no|
        |- VITIS_LOOP_105_2   |        ?|        ?|         ?|          -|          -|    15|        no|
        | + VITIS_LOOP_106_3  |        ?|        ?|        12|          4|          1|     ?|       yes|
        |- VITIS_LOOP_14_1    |       35|       35|         7|          2|          1|    15|       yes|
        +---------------------+---------+---------+----------+-----------+-----------+------+----------+



================================================================
== Utilization Estimates
================================================================
* Summary: 
+-----------------+---------+-----+--------+-------+-----+
|       Name      | BRAM_18K| DSP |   FF   |  LUT  | URAM|
+-----------------+---------+-----+--------+-------+-----+
|DSP              |        -|    -|       -|      -|    -|
|Expression       |        -|    -|       0|   1047|    -|
|FIFO             |        -|    -|       -|      -|    -|
|Instance         |        -|    -|     312|    721|    -|
|Memory           |        0|    -|      81|     14|    -|
|Multiplexer      |        -|    -|       -|    738|    -|
|Register         |        -|    -|    1174|     64|    -|
+-----------------+---------+-----+--------+-------+-----+
|Total            |        0|    0|    1567|   2584|    0|
+-----------------+---------+-----+--------+-------+-----+
|Available        |      280|  220|  106400|  53200|    0|
+-----------------+---------+-----+--------+-------+-----+
|Utilization (%)  |        0|    0|       1|      4|    0|
+-----------------+---------+-----+--------+-------+-----+

+ Detail: 
    * Instance: 
    +--------------------------------------+----------------------------------+---------+----+-----+-----+-----+
    |               Instance               |              Module              | BRAM_18K| DSP|  FF | LUT | URAM|
    +--------------------------------------+----------------------------------+---------+----+-----+-----+-----+
    |dcmp_64ns_64ns_1_2_no_dsp_1_U82       |dcmp_64ns_64ns_1_2_no_dsp_1       |        0|   0|    0|    0|    0|
    |dcmp_64ns_64ns_1_2_no_dsp_1_U83       |dcmp_64ns_64ns_1_2_no_dsp_1       |        0|   0|    0|    0|    0|
    |facc_32ns_32ns_1ns_32_6_no_dsp_1_U84  |facc_32ns_32ns_1ns_32_6_no_dsp_1  |        0|   0|  312|  721|    0|
    |fpext_32ns_64_2_no_dsp_1_U78          |fpext_32ns_64_2_no_dsp_1          |        0|   0|    0|    0|    0|
    |fpext_32ns_64_2_no_dsp_1_U79          |fpext_32ns_64_2_no_dsp_1          |        0|   0|    0|    0|    0|
    +--------------------------------------+----------------------------------+---------+----+-----+-----+-----+
    |Total                                 |                                  |        0|   0|  312|  721|    0|
    +--------------------------------------+----------------------------------+---------+----+-----+-----+-----+

    * DSP: 
    N/A

    * Memory: 
    +------------------+-------------------------------------+---------+----+----+-----+------+-----+------+-------------+
    |      Memory      |                Module               | BRAM_18K| FF | LUT| URAM| Words| Bits| Banks| W*Bits*Banks|
    +------------------+-------------------------------------+---------+----+----+-----+------+-----+------+-------------+
    |Adata_i_U         |is_primal_infeasible_Adata_i         |        0|   5|   4|    0|    43|    5|     1|          215|
    |Adata_p_U         |is_primal_infeasible_Adata_p         |        0|  12|   2|    0|    16|    6|     1|           96|
    |work_Atdelta_y_U  |is_primal_infeasible_work_Atdelta_y  |        0|  64|   8|    0|    15|   32|     1|          480|
    +------------------+-------------------------------------+---------+----+----+-----+------+-----+------+-------------+
    |Total             |                                     |        0|  81|  14|    0|    74|   43|     3|          791|
    +------------------+-------------------------------------+---------+----+----+-----+------+-----+------+-------------+

    * FIFO: 
    N/A

    * Expression: 
    +--------------------------+----------+----+---+----+------------+------------+
    |       Variable Name      | Operation| DSP| FF| LUT| Bitwidth P0| Bitwidth P1|
    +--------------------------+----------+----+---+----+------------+------------+
    |i_61_fu_693_p2            |         +|   0|  0|  13|           5|           1|
    |i_62_fu_497_p2            |         +|   0|  0|  13|           5|           1|
    |i_63_fu_901_p2            |         +|   0|  0|  13|           5|           1|
    |i_65_fu_1075_p2           |         +|   0|  0|  13|           4|           1|
    |i_67_fu_1145_p2           |         +|   0|  0|  13|           4|           1|
    |j_14_fu_1092_p2           |         +|   0|  0|  13|           4|           1|
    |k_2_fu_1139_p2            |         +|   0|  0|  71|          64|           1|
    |and_ln127_fu_577_p2       |       and|   0|  0|   2|           1|           1|
    |and_ln129_fu_679_p2       |       and|   0|  0|   2|           1|           1|
    |and_ln130_fu_629_p2       |       and|   0|  0|   2|           1|           1|
    |and_ln138_fu_896_p2       |       and|   0|  0|   2|           1|           1|
    |and_ln139_1_fu_973_p2     |       and|   0|  0|   2|           1|           1|
    |and_ln139_fu_960_p2       |       and|   0|  0|   2|           1|           1|
    |and_ln140_1_fu_1069_p2    |       and|   0|  0|   2|           1|           1|
    |and_ln140_fu_1063_p2      |       and|   0|  0|   2|           1|           1|
    |and_ln143_fu_1341_p2      |       and|   0|  0|   2|           1|           1|
    |and_ln14_3_fu_841_p2      |       and|   0|  0|   2|           1|           1|
    |and_ln14_4_fu_847_p2      |       and|   0|  0|   2|           1|           1|
    |and_ln14_5_fu_1196_p2     |       and|   0|  0|   2|           1|           1|
    |and_ln14_6_fu_1288_p2     |       and|   0|  0|   2|           1|           1|
    |and_ln14_7_fu_1294_p2     |       and|   0|  0|   2|           1|           1|
    |and_ln14_fu_746_p2        |       and|   0|  0|   2|           1|           1|
    |empty_105_fu_587_p2       |       and|   0|  0|   2|           1|           1|
    |icmp_ln101_fu_1086_p2     |      icmp|   0|  0|   9|           4|           2|
    |icmp_ln105_fu_1098_p2     |      icmp|   0|  0|   9|           4|           2|
    |icmp_ln106_1_fu_1129_p2   |      icmp|   0|  0|  29|          64|          64|
    |icmp_ln106_fu_1123_p2     |      icmp|   0|  0|  10|           6|           6|
    |icmp_ln126_fu_509_p2      |      icmp|   0|  0|   9|           5|           5|
    |icmp_ln127_1_fu_538_p2    |      icmp|   0|  0|  24|          52|           1|
    |icmp_ln127_fu_532_p2      |      icmp|   0|  0|  11|          11|           2|
    |icmp_ln129_1_fu_667_p2    |      icmp|   0|  0|  15|          23|           1|
    |icmp_ln129_fu_661_p2      |      icmp|   0|  0|  11|           8|           2|
    |icmp_ln130_1_fu_617_p2    |      icmp|   0|  0|  15|          23|           1|
    |icmp_ln130_fu_611_p2      |      icmp|   0|  0|  11|           8|           2|
    |icmp_ln138_1_fu_884_p2    |      icmp|   0|  0|  15|          23|           1|
    |icmp_ln138_fu_878_p2      |      icmp|   0|  0|  11|           8|           2|
    |icmp_ln139_1_fu_942_p2    |      icmp|   0|  0|  11|           8|           2|
    |icmp_ln139_2_fu_948_p2    |      icmp|   0|  0|  15|          23|           1|
    |icmp_ln139_3_fu_918_p2    |      icmp|   0|  0|   9|           5|           5|
    |icmp_ln139_fu_912_p2      |      icmp|   0|  0|   9|           5|           5|
    |icmp_ln140_1_fu_1017_p2   |      icmp|   0|  0|  15|          23|           1|
    |icmp_ln140_2_fu_1045_p2   |      icmp|   0|  0|  11|           8|           2|
    |icmp_ln140_3_fu_1051_p2   |      icmp|   0|  0|  15|          23|           1|
    |icmp_ln140_fu_1011_p2     |      icmp|   0|  0|  11|           8|           2|
    |icmp_ln143_1_fu_1331_p2   |      icmp|   0|  0|  15|          23|           1|
    |icmp_ln143_fu_1325_p2     |      icmp|   0|  0|  11|           8|           2|
    |icmp_ln14_10_fu_811_p2    |      icmp|   0|  0|  15|          23|           1|
    |icmp_ln14_11_fu_823_p2    |      icmp|   0|  0|  11|           8|           2|
    |icmp_ln14_12_fu_829_p2    |      icmp|   0|  0|  15|          23|           1|
    |icmp_ln14_13_fu_1180_p2   |      icmp|   0|  0|  11|           8|           2|
    |icmp_ln14_14_fu_1186_p2   |      icmp|   0|  0|  15|          23|           1|
    |icmp_ln14_15_fu_1266_p2   |      icmp|   0|  0|  11|           8|           2|
    |icmp_ln14_16_fu_1272_p2   |      icmp|   0|  0|  15|          23|           1|
    |icmp_ln14_17_fu_1237_p2   |      icmp|   0|  0|  11|           8|           2|
    |icmp_ln14_18_fu_1243_p2   |      icmp|   0|  0|  15|          23|           1|
    |icmp_ln14_1_fu_1151_p2    |      icmp|   0|  0|   9|           4|           2|
    |icmp_ln14_7_fu_728_p2     |      icmp|   0|  0|  11|           8|           2|
    |icmp_ln14_8_fu_734_p2     |      icmp|   0|  0|  15|          23|           1|
    |icmp_ln14_9_fu_805_p2     |      icmp|   0|  0|  11|           8|           2|
    |icmp_ln14_fu_704_p2       |      icmp|   0|  0|   9|           5|           5|
    |notlhs27_fu_561_p2        |      icmp|   0|  0|  11|          11|           2|
    |notrhs28_fu_567_p2        |      icmp|   0|  0|  24|          52|           1|
    |empty_104_fu_583_p2       |        or|   0|  0|   2|           1|           1|
    |or_ln127_fu_573_p2        |        or|   0|  0|   2|           1|           1|
    |or_ln129_fu_673_p2        |        or|   0|  0|   2|           1|           1|
    |or_ln130_fu_623_p2        |        or|   0|  0|   2|           1|           1|
    |or_ln138_fu_890_p2        |        or|   0|  0|   2|           1|           1|
    |or_ln139_fu_954_p2        |        or|   0|  0|   2|           1|           1|
    |or_ln140_1_fu_1057_p2     |        or|   0|  0|   2|           1|           1|
    |or_ln140_fu_1041_p2       |        or|   0|  0|   2|           1|           1|
    |or_ln143_fu_1337_p2       |        or|   0|  0|   2|           1|           1|
    |or_ln14_3_fu_817_p2       |        or|   0|  0|   2|           1|           1|
    |or_ln14_4_fu_835_p2       |        or|   0|  0|   2|           1|           1|
    |or_ln14_5_fu_1192_p2      |        or|   0|  0|   2|           1|           1|
    |or_ln14_6_fu_1278_p2      |        or|   0|  0|   2|           1|           1|
    |or_ln14_7_fu_1284_p2      |        or|   0|  0|   2|           1|           1|
    |or_ln14_fu_740_p2         |        or|   0|  0|   2|           1|           1|
    |abs_v_i_1_fu_1210_p3      |    select|   0|  0|  32|           1|          32|
    |abs_v_i_fu_762_p3         |    select|   0|  0|  32|           1|          32|
    |max_4_fu_853_p3           |    select|   0|  0|  32|           1|          32|
    |max_7_fu_1300_p3          |    select|   0|  0|  32|           1|          32|
    |select_ln129_fu_685_p3    |    select|   0|  0|  32|           1|          32|
    |select_ln130_fu_635_p3    |    select|   0|  0|  32|           1|          32|
    |select_ln139_1_fu_977_p3  |    select|   0|  0|  32|           1|          32|
    |select_ln139_fu_964_p3    |    select|   0|  0|  32|           1|          32|
    |ap_enable_pp0             |       xor|   0|  0|   2|           1|           2|
    |ap_enable_pp1             |       xor|   0|  0|   2|           1|           2|
    |xor_ln14_1_fu_1201_p2     |       xor|   0|  0|  33|          32|          33|
    |xor_ln14_fu_752_p2        |       xor|   0|  0|  33|          32|          33|
    +--------------------------+----------+----+---+----+------------+------------+
    |Total                     |          |   0|  0|1047|         827|         505|
    +--------------------------+----------+----+---+----+------------+------------+

    * Multiplexer: 
    +------------------------------------+-----+-----------+-----+-----------+
    |                Name                | LUT | Input Size| Bits| Total Bits|
    +------------------------------------+-----+-----------+-----+-----------+
    |ap_NS_fsm                           |  269|         63|    1|         63|
    |ap_enable_reg_pp0_iter1             |    9|          2|    1|          2|
    |ap_enable_reg_pp0_iter2             |   14|          3|    1|          3|
    |ap_enable_reg_pp1_iter2             |    9|          2|    1|          2|
    |ap_enable_reg_pp1_iter3             |   14|          3|    1|          3|
    |ap_phi_mux_empty_110_phi_fu_369_p4  |    9|          2|   32|         64|
    |ap_phi_mux_i_66_phi_fu_380_p4       |    9|          2|    4|          8|
    |ap_phi_mux_k_1_phi_fu_356_p4        |    9|          2|   64|        128|
    |ap_return                           |    9|          2|    1|          2|
    |empty_110_reg_365                   |    9|          2|   32|         64|
    |grp_fu_413_p0                       |   14|          3|   32|         96|
    |grp_fu_413_p1                       |   14|          3|   32|         96|
    |grp_fu_418_p0                       |   20|          4|   32|        128|
    |grp_fu_418_p1                       |   20|          4|   32|        128|
    |grp_fu_435_opcode                   |   14|          3|    5|         15|
    |grp_fu_435_p0                       |   42|          8|   32|        256|
    |grp_fu_435_p1                       |   31|          6|   32|        192|
    |i_03_reg_274                        |    9|          2|    5|         10|
    |i_11_reg_320                        |    9|          2|    5|         10|
    |i_64_reg_331                        |    9|          2|    4|          8|
    |i_66_reg_376                        |    9|          2|    4|          8|
    |i_reg_297                           |    9|          2|    5|         10|
    |ineq_lhs_reg_308                    |    9|          2|   32|         64|
    |j_reg_342                           |    9|          2|    4|          8|
    |k_1_reg_353                         |    9|          2|   64|        128|
    |ldata_address0                      |   14|          3|    5|         15|
    |max_5_reg_387                       |    9|          2|   32|         64|
    |max_reg_285                         |    9|          2|   32|         64|
    |retval_0_reg_399                    |    9|          2|    1|          2|
    |udata_address0                      |   14|          3|    5|         15|
    |work_Atdelta_y_address0             |   20|          4|    4|         16|
    |work_Atdelta_y_d0                   |   14|          3|   32|         96|
    |work_delta_y_address0               |   42|          8|    5|         40|
    |work_delta_y_d0                     |   20|          4|   32|        128|
    +------------------------------------+-----+-----------+-----+-----------+
    |Total                               |  738|        161|  606|       1936|
    +------------------------------------+-----+-----------+-----+-----------+

    * Register: 
    +--------------------------------+----+----+-----+-----------+
    |              Name              | FF | LUT| Bits| Const Bits|
    +--------------------------------+----+----+-----+-----------+
    |Adata_p_load_cast2_reg_1590     |   6|   0|   64|         58|
    |Adata_x_load_reg_1613           |  32|   0|   32|          0|
    |abs_v_i_1_reg_1667              |  32|   0|   32|          0|
    |abs_v_i_reg_1449                |  32|   0|   32|          0|
    |and_ln127_reg_1408              |   1|   0|    1|          0|
    |and_ln140_1_reg_1549            |   1|   0|    1|          0|
    |and_ln143_reg_1699              |   1|   0|    1|          0|
    |ap_CS_fsm                       |  62|   0|   62|          0|
    |ap_enable_reg_pp0_iter0         |   1|   0|    1|          0|
    |ap_enable_reg_pp0_iter1         |   1|   0|    1|          0|
    |ap_enable_reg_pp0_iter2         |   1|   0|    1|          0|
    |ap_enable_reg_pp1_iter0         |   1|   0|    1|          0|
    |ap_enable_reg_pp1_iter1         |   1|   0|    1|          0|
    |ap_enable_reg_pp1_iter2         |   1|   0|    1|          0|
    |ap_enable_reg_pp1_iter3         |   1|   0|    1|          0|
    |ap_return_preg                  |   1|   0|    1|          0|
    |bitcast_ln14_7_reg_1652         |  32|   0|   32|          0|
    |conv3_reg_1382                  |  64|   0|   64|          0|
    |conv_reg_1376                   |  64|   0|   64|          0|
    |empty_105_reg_1412              |   1|   0|    1|          0|
    |empty_110_reg_365               |  32|   0|   32|          0|
    |i_03_reg_274                    |   5|   0|    5|          0|
    |i_11_reg_320                    |   5|   0|    5|          0|
    |i_61_reg_1436                   |   5|   0|    5|          0|
    |i_62_reg_1352                   |   5|   0|    5|          0|
    |i_63_reg_1469                   |   5|   0|    5|          0|
    |i_64_reg_331                    |   4|   0|    4|          0|
    |i_66_reg_376                    |   4|   0|    4|          0|
    |i_67_reg_1633                   |   4|   0|    4|          0|
    |i_reg_297                       |   5|   0|    5|          0|
    |icmp_ln106_1_reg_1599           |   1|   0|    1|          0|
    |icmp_ln106_reg_1595             |   1|   0|    1|          0|
    |icmp_ln127_1_reg_1393           |   1|   0|    1|          0|
    |icmp_ln127_reg_1388             |   1|   0|    1|          0|
    |icmp_ln139_3_reg_1488           |   1|   0|    1|          0|
    |icmp_ln140_1_reg_1544           |   1|   0|    1|          0|
    |icmp_ln140_reg_1539             |   1|   0|    1|          0|
    |icmp_ln143_1_reg_1694           |   1|   0|    1|          0|
    |icmp_ln143_reg_1689             |   1|   0|    1|          0|
    |icmp_ln14_13_reg_1657           |   1|   0|    1|          0|
    |icmp_ln14_14_reg_1662           |   1|   0|    1|          0|
    |icmp_ln14_17_reg_1674           |   1|   0|    1|          0|
    |icmp_ln14_18_reg_1679           |   1|   0|    1|          0|
    |icmp_ln14_1_reg_1638            |   1|   0|    1|          0|
    |ineq_lhs_reg_308                |  32|   0|   32|          0|
    |j_14_reg_1561                   |   4|   0|    4|          0|
    |j_reg_342                       |   4|   0|    4|          0|
    |k_1_reg_353                     |  64|   0|   64|          0|
    |k_2_reg_1623                    |  64|   0|   64|          0|
    |max_5_reg_387                   |  32|   0|   32|          0|
    |max_reg_285                     |  32|   0|   32|          0|
    |mul16_i_reg_1628                |  32|   0|   32|          0|
    |mul24_reg_1529                  |  32|   0|   32|          0|
    |notlhs27_reg_1398               |   1|   0|    1|          0|
    |notrhs28_reg_1403               |   1|   0|    1|          0|
    |or_ln139_reg_1503               |   1|   0|    1|          0|
    |reg_461                         |  32|   0|   32|          0|
    |reg_467                         |  32|   0|   32|          0|
    |reg_473                         |  32|   0|   32|          0|
    |reg_480                         |  32|   0|   32|          0|
    |reg_486                         |  32|   0|   32|          0|
    |reg_491                         |  32|   0|   32|          0|
    |reg_491_pp1_iter1_reg           |  32|   0|   32|          0|
    |retval_0_reg_399                |   1|   0|    1|          0|
    |select_ln129_reg_1431           |  32|   0|   32|          0|
    |select_ln130_reg_1426           |  32|   0|   32|          0|
    |tmp_17_reg_1461                 |   1|   0|    1|          0|
    |tmp_31_reg_1509                 |   1|   0|    1|          0|
    |tmp_32_reg_1514                 |   1|   0|    1|          0|
    |tmp_36_reg_1647                 |   1|   0|    1|          0|
    |work_Atdelta_y_addr_1_reg_1580  |   4|   0|    4|          0|
    |work_delta_y_addr_2_reg_1416    |   5|   0|    5|          0|
    |work_delta_y_addr_reg_1421      |   5|   0|    5|          0|
    |zext_ln126_reg_1357             |   5|   0|   64|         59|
    |zext_ln139_reg_1474             |   5|   0|   64|         59|
    |zext_ln99_reg_1585              |   6|   0|   64|         58|
    |icmp_ln106_1_reg_1599           |  64|  32|    1|          0|
    |icmp_ln14_1_reg_1638            |  64|  32|    1|          0|
    +--------------------------------+----+----+-----+-----------+
    |Total                           |1174|  64| 1282|        234|
    +--------------------------------+----+----+-----+-----------+



================================================================
== Interface
================================================================
* Summary: 
+-----------------------+-----+-----+------------+----------------------+--------------+
|       RTL Ports       | Dir | Bits|  Protocol  |     Source Object    |    C Type    |
+-----------------------+-----+-----+------------+----------------------+--------------+
|ap_clk                 |   in|    1|  ap_ctrl_hs|  is_primal_infeasible|  return value|
|ap_rst                 |   in|    1|  ap_ctrl_hs|  is_primal_infeasible|  return value|
|ap_start               |   in|    1|  ap_ctrl_hs|  is_primal_infeasible|  return value|
|ap_done                |  out|    1|  ap_ctrl_hs|  is_primal_infeasible|  return value|
|ap_idle                |  out|    1|  ap_ctrl_hs|  is_primal_infeasible|  return value|
|ap_ready               |  out|    1|  ap_ctrl_hs|  is_primal_infeasible|  return value|
|ap_return              |  out|    1|  ap_ctrl_hs|  is_primal_infeasible|  return value|
|grp_fu_346_p_din0      |  out|   32|  ap_ctrl_hs|  is_primal_infeasible|  return value|
|grp_fu_346_p_din1      |  out|   32|  ap_ctrl_hs|  is_primal_infeasible|  return value|
|grp_fu_346_p_opcode    |  out|    2|  ap_ctrl_hs|  is_primal_infeasible|  return value|
|grp_fu_346_p_dout0     |   in|   32|  ap_ctrl_hs|  is_primal_infeasible|  return value|
|grp_fu_346_p_ce        |  out|    1|  ap_ctrl_hs|  is_primal_infeasible|  return value|
|grp_fu_350_p_din0      |  out|   32|  ap_ctrl_hs|  is_primal_infeasible|  return value|
|grp_fu_350_p_din1      |  out|   32|  ap_ctrl_hs|  is_primal_infeasible|  return value|
|grp_fu_350_p_dout0     |   in|   32|  ap_ctrl_hs|  is_primal_infeasible|  return value|
|grp_fu_350_p_ce        |  out|    1|  ap_ctrl_hs|  is_primal_infeasible|  return value|
|grp_fu_1845_p_din0     |  out|   32|  ap_ctrl_hs|  is_primal_infeasible|  return value|
|grp_fu_1845_p_din1     |  out|   32|  ap_ctrl_hs|  is_primal_infeasible|  return value|
|grp_fu_1845_p_dout0    |   in|   32|  ap_ctrl_hs|  is_primal_infeasible|  return value|
|grp_fu_1845_p_ce       |  out|    1|  ap_ctrl_hs|  is_primal_infeasible|  return value|
|grp_fu_354_p_din0      |  out|   32|  ap_ctrl_hs|  is_primal_infeasible|  return value|
|grp_fu_354_p_din1      |  out|   32|  ap_ctrl_hs|  is_primal_infeasible|  return value|
|grp_fu_354_p_opcode    |  out|    5|  ap_ctrl_hs|  is_primal_infeasible|  return value|
|grp_fu_354_p_dout0     |   in|    1|  ap_ctrl_hs|  is_primal_infeasible|  return value|
|grp_fu_354_p_ce        |  out|    1|  ap_ctrl_hs|  is_primal_infeasible|  return value|
|grp_fu_359_p_din0      |  out|   32|  ap_ctrl_hs|  is_primal_infeasible|  return value|
|grp_fu_359_p_din1      |  out|   32|  ap_ctrl_hs|  is_primal_infeasible|  return value|
|grp_fu_359_p_opcode    |  out|    5|  ap_ctrl_hs|  is_primal_infeasible|  return value|
|grp_fu_359_p_dout0     |   in|    1|  ap_ctrl_hs|  is_primal_infeasible|  return value|
|grp_fu_359_p_ce        |  out|    1|  ap_ctrl_hs|  is_primal_infeasible|  return value|
|eps_prim_inf           |   in|   32|     ap_none|          eps_prim_inf|        scalar|
|udata_address0         |  out|    5|   ap_memory|                 udata|         array|
|udata_ce0              |  out|    1|   ap_memory|                 udata|         array|
|udata_q0               |   in|   32|   ap_memory|                 udata|         array|
|ldata_address0         |  out|    5|   ap_memory|                 ldata|         array|
|ldata_ce0              |  out|    1|   ap_memory|                 ldata|         array|
|ldata_q0               |   in|   32|   ap_memory|                 ldata|         array|
|work_delta_y_address0  |  out|    5|   ap_memory|          work_delta_y|         array|
|work_delta_y_ce0       |  out|    1|   ap_memory|          work_delta_y|         array|
|work_delta_y_we0       |  out|    1|   ap_memory|          work_delta_y|         array|
|work_delta_y_d0        |  out|   32|   ap_memory|          work_delta_y|         array|
|work_delta_y_q0        |   in|   32|   ap_memory|          work_delta_y|         array|
|Adata_x_address0       |  out|    6|   ap_memory|               Adata_x|         array|
|Adata_x_ce0            |  out|    1|   ap_memory|               Adata_x|         array|
|Adata_x_q0             |   in|   32|   ap_memory|               Adata_x|         array|
+-----------------------+-----+-----+------------+----------------------+--------------+

