

================================================================
== Vitis HLS Report for 'myFunction'
================================================================
* Date:           Sat Feb  7 11:29:22 2026

* Version:        2020.2 (Build 3064766 on Wed Nov 18 09:12:45 MST 2020)
* Project:        hls_project
* Solution:       solution1 (Vivado IP Flow Target)
* Product family: zynq
* Target device:  xc7z020-clg484-1


================================================================
== Performance Estimates
================================================================
+ Timing: 
    * Summary: 
    +--------+----------+-----------+------------+
    |  Clock |  Target  | Estimated | Uncertainty|
    +--------+----------+-----------+------------+
    |ap_clk  |  10.00 ns|  14.512 ns|     2.70 ns|
    +--------+----------+-----------+------------+

+ Latency: 
    * Summary: 
    +---------+---------+----------+----------+-----+-----+---------+
    |  Latency (cycles) |  Latency (absolute) |  Interval | Pipeline|
    |   min   |   max   |    min   |    max   | min | max |   Type  |
    +---------+---------+----------+----------+-----+-----+---------+
    |        ?|        ?|         ?|         ?|    ?|    ?|     none|
    +---------+---------+----------+----------+-----+-----+---------+

    + Detail: 
        * Instance: 
        +-----------------------------------+-----------------------+---------+---------+----------+----------+-----+-----+---------+
        |                                   |                       |  Latency (cycles) |  Latency (absolute) |  Interval | Pipeline|
        |              Instance             |         Module        |   min   |   max   |    min   |    max   | min | max |   Type  |
        +-----------------------------------+-----------------------+---------+---------+----------+----------+-----+-----+---------+
        |grp_osqp_solve_fu_1055             |osqp_solve             |        ?|        ?|         ?|         ?|    ?|    ?|     none|
        |grp_atualizar_restricao_v_fu_1119  |atualizar_restricao_v  |        ?|        ?|         ?|         ?|    ?|    ?|     none|
        |grp_QDLDL_factor_fu_1172           |QDLDL_factor           |        ?|        ?|         ?|         ?|    ?|    ?|     none|
        +-----------------------------------+-----------------------+---------+---------+----------+----------+-----+-----+---------+

        * Loop: 
        +-------------------+---------+---------+----------+-----------+-----------+------+----------+
        |                   |  Latency (cycles) | Iteration|  Initiation Interval  | Trip |          |
        |     Loop Name     |   min   |   max   |  Latency |  achieved |   target  | Count| Pipelined|
        +-------------------+---------+---------+----------+-----------+-----------+------+----------+
        |- VITIS_LOOP_43_1  |       15|       15|         2|          1|          1|    15|       yes|
        |- VITIS_LOOP_43_1  |       19|       19|         2|          1|          1|    19|       yes|
        |- VITIS_LOOP_43_1  |       19|       19|         2|          1|          1|    19|       yes|
        |- VITIS_LOOP_43_1  |       15|       15|         2|          1|          1|    15|       yes|
        |- VITIS_LOOP_21_1  |       15|       15|        15|          1|          1|     2|       yes|
        |- VITIS_LOOP_45_1  |        7|        7|         7|          1|          1|     2|       yes|
        |- VITIS_LOOP_54_1  |        3|        3|         1|          1|          1|     3|       yes|
        |- VITIS_LOOP_64_2  |        4|        4|         1|          1|          1|     4|       yes|
        |- VITIS_LOOP_94_1  |       12|       12|         2|          1|          1|    12|       yes|
        |- VITIS_LOOP_15_1  |       12|       12|         2|          1|          1|    12|       yes|
        |- VITIS_LOOP_19_2  |       63|       63|        10|          6|          1|    10|       yes|
        |- VITIS_LOOP_33_1  |       43|       43|         2|          1|          1|    43|       yes|
        +-------------------+---------+---------+----------+-----------+-----------+------+----------+



================================================================
== Utilization Estimates
================================================================
* Summary: 
+-----------------+---------+-----+--------+-------+-----+
|       Name      | BRAM_18K| DSP |   FF   |  LUT  | URAM|
+-----------------+---------+-----+--------+-------+-----+
|DSP              |        -|    -|       -|      -|    -|
|Expression       |        -|    -|       0|    869|    -|
|FIFO             |        -|    -|       -|      -|    -|
|Instance         |        5|   43|   15121|  23478|    -|
|Memory           |        6|    -|     856|    147|    -|
|Multiplexer      |        -|    -|       -|   3200|    -|
|Register         |        -|    -|    1957|    128|    -|
+-----------------+---------+-----+--------+-------+-----+
|Total            |       11|   43|   17934|  27822|    0|
+-----------------+---------+-----+--------+-------+-----+
|Available        |      280|  220|  106400|  53200|    0|
+-----------------+---------+-----+--------+-------+-----+
|Utilization (%)  |        3|   19|      16|     52|    0|
+-----------------+---------+-----+--------+-------+-----+

+ Detail: 
    * Instance: 
    +-----------------------------------------+------------------------------------+---------+----+------+-------+-----+
    |                 Instance                |               Module               | BRAM_18K| DSP|  FF  |  LUT  | URAM|
    +-----------------------------------------+------------------------------------+---------+----+------+-------+-----+
    |grp_QDLDL_factor_fu_1172                 |QDLDL_factor                        |        0|   5|  1781|   2597|    0|
    |grp_atualizar_restricao_v_fu_1119        |atualizar_restricao_v               |        0|   5|  3358|   4617|    0|
    |control_s_axi_U                          |control_s_axi                       |        0|   0|   416|    680|    0|
    |faddfsub_32ns_32ns_32_5_full_dsp_1_U141  |faddfsub_32ns_32ns_32_5_full_dsp_1  |        0|   2|   205|    390|    0|
    |faddfsub_32ns_32ns_32_5_full_dsp_1_U142  |faddfsub_32ns_32ns_32_5_full_dsp_1  |        0|   2|   205|    390|    0|
    |fcmp_32ns_32ns_1_2_no_dsp_1_U152         |fcmp_32ns_32ns_1_2_no_dsp_1         |        0|   0|     0|      0|    0|
    |fcmp_32ns_32ns_1_2_no_dsp_1_U154         |fcmp_32ns_32ns_1_2_no_dsp_1         |        0|   0|     0|      0|    0|
    |fdiv_32ns_32ns_32_16_no_dsp_1_U149       |fdiv_32ns_32ns_32_16_no_dsp_1       |        0|   0|     0|      0|    0|
    |fdiv_32ns_32ns_32_16_no_dsp_1_U150       |fdiv_32ns_32ns_32_16_no_dsp_1       |        0|   0|     0|      0|    0|
    |fdiv_32ns_32ns_32_16_no_dsp_1_U151       |fdiv_32ns_32ns_32_16_no_dsp_1       |        0|   0|     0|      0|    0|
    |fmul_32ns_32ns_32_4_max_dsp_1_U145       |fmul_32ns_32ns_32_4_max_dsp_1       |        0|   3|   143|    321|    0|
    |fmul_32ns_32ns_32_4_max_dsp_1_U146       |fmul_32ns_32ns_32_4_max_dsp_1       |        0|   3|   143|    321|    0|
    |fmul_32ns_32ns_32_4_max_dsp_1_U147       |fmul_32ns_32ns_32_4_max_dsp_1       |        0|   3|   143|    321|    0|
    |fmul_32ns_32ns_32_4_max_dsp_1_U148       |fmul_32ns_32ns_32_4_max_dsp_1       |        0|   3|   143|    321|    0|
    |fsub_32ns_32ns_32_5_full_dsp_1_U143      |fsub_32ns_32ns_32_5_full_dsp_1      |        0|   2|   205|    390|    0|
    |fsub_32ns_32ns_32_5_full_dsp_1_U144      |fsub_32ns_32ns_32_5_full_dsp_1      |        0|   2|   205|    390|    0|
    |mux_32_32_1_1_U153                       |mux_32_32_1_1                       |        0|   0|     0|     14|    0|
    |grp_osqp_solve_fu_1055                   |osqp_solve                          |        5|  13|  8174|  12726|    0|
    +-----------------------------------------+------------------------------------+---------+----+------+-------+-----+
    |Total                                    |                                    |        5|  43| 15121|  23478|    0|
    +-----------------------------------------+------------------------------------+---------+----+------+-------+-----+

    * DSP: 
    N/A

    * Memory: 
    +-----------------------------+--------------------------------------+---------+----+----+-----+------+-----+------+-------------+
    |            Memory           |                Module                | BRAM_18K| FF | LUT| URAM| Words| Bits| Banks| W*Bits*Banks|
    +-----------------------------+--------------------------------------+---------+----+----+-----+------+-----+------+-------------+
    |A_new_U                      |A_new                                 |        0|  64|   6|    0|    12|   32|     1|          384|
    |Adata_x_U                    |Adata_x                               |        1|   0|   0|    0|    43|   32|     1|         1376|
    |Pdata_x_U                    |Pdata_x                               |        0|  32|   6|    0|    12|   32|     1|          384|
    |atualizar_A_A_idx_U          |atualizar_A_A_idx                     |        0|  64|  12|    0|    12|   64|     1|          768|
    |l_new_U                      |l_new                                 |        0|  64|  10|    0|    19|   32|     1|          608|
    |u_new_U                      |l_new                                 |        0|  64|  10|    0|    19|   32|     1|          608|
    |ldata_U                      |ldata                                 |        0|  64|  10|    0|    19|   32|     1|          608|
    |linsys_solver_AtoKKT_U       |linsys_solver_AtoKKT                  |        0|   7|   5|    0|    43|    7|     1|          301|
    |linsys_solver_Dinv_U         |linsys_solver_Dinv                    |        1|   0|   0|    0|    34|   32|     1|         1088|
    |linsys_solver_KKT_x_U        |linsys_solver_KKT_x                   |        1|   0|   0|    0|    79|   32|     1|         2528|
    |linsys_solver_L_i_U          |linsys_solver_L_i                     |        0|  12|   6|    0|    57|    6|     1|          342|
    |linsys_solver_L_p_U          |linsys_solver_L_p                     |        0|  12|   4|    0|    35|    6|     1|          210|
    |linsys_solver_L_x_U          |linsys_solver_L_x                     |        1|   0|   0|    0|    57|   32|     1|         1824|
    |linsys_solver_Pdiag_idx_U    |linsys_solver_Pdiag_idx               |        0|   4|   1|    0|    10|    4|     1|           40|
    |linsys_solver_PtoKKT_U       |linsys_solver_PtoKKT                  |        0|   7|   2|    0|    12|    7|     1|           84|
    |linsys_solver_bwork_U        |linsys_solver_bwork                   |        0|   2|   1|    0|    34|    1|     1|           34|
    |linsys_solver_iwork_U        |linsys_solver_iwork                   |        0|  12|  10|    0|   102|    6|     1|          612|
    |q_new_U                      |q_new                                 |        0|  64|   8|    0|    15|   32|     1|          480|
    |qdata_U                      |qdata                                 |        0|  64|   8|    0|    15|   32|     1|          480|
    |linsys_solver_fwork_U        |solve_linsys_qdldl_linsys_solver_sol  |        1|   0|   0|    0|    34|   32|     1|         1088|
    |linsys_solver_D_U            |solve_linsys_qdldl_linsys_solver_sol  |        1|   0|   0|    0|    34|   32|     1|         1088|
    |udata_U                      |udata                                 |        0|  64|  10|    0|    19|   32|     1|          608|
    |work_rho_inv_vec_U           |work_rho_inv_vec                      |        0|  64|  10|    0|    19|   32|     1|          608|
    |linsys_solver_rho_inv_vec_U  |work_rho_inv_vec                      |        0|  64|  10|    0|    19|   32|     1|          608|
    |work_rho_vec_U               |work_rho_vec                          |        0|  64|  10|    0|    19|   32|     1|          608|
    |work_x_U                     |work_x                                |        0|  64|   8|    0|    15|   32|     1|          480|
    +-----------------------------+--------------------------------------+---------+----+----+-----+------+-----+------+-------------+
    |Total                        |                                      |        6| 856| 147|    0|   788|  677|    26|        17847|
    +-----------------------------+--------------------------------------+---------+----+----+-----+------+-----+------+-------------+

    * FIFO: 
    N/A

    * Expression: 
    +--------------------------+----------+----+---+----+------------+------------+
    |       Variable Name      | Operation| DSP| FF| LUT| Bitwidth P0| Bitwidth P1|
    +--------------------------+----------+----+---+----+------------+------------+
    |add_ln21_fu_1587_p2       |         +|   0|  0|  10|           2|           1|
    |add_ln45_fu_1634_p2       |         +|   0|  0|  10|           2|           1|
    |add_ln54_fu_1679_p2       |         +|   0|  0|  10|           2|           1|
    |add_ln64_fu_1729_p2       |         +|   0|  0|  13|           5|           1|
    |i_42_fu_1399_p2           |         +|   0|  0|  13|           4|           1|
    |i_44_fu_1423_p2           |         +|   0|  0|  13|           5|           1|
    |i_46_fu_1443_p2           |         +|   0|  0|  13|           5|           1|
    |i_48_fu_1562_p2           |         +|   0|  0|  13|           4|           1|
    |i_54_fu_1771_p2           |         +|   0|  0|  13|           4|           1|
    |i_56_fu_1789_p2           |         +|   0|  0|  13|           4|           1|
    |i_58_fu_1822_p2           |         +|   0|  0|  13|           4|           1|
    |i_60_fu_1878_p2           |         +|   0|  0|  14|           6|           1|
    |and_ln110_fu_1504_p2      |       and|   0|  0|   2|           1|           1|
    |addr_cmp_fu_1852_p2       |      icmp|   0|  0|  29|          64|          64|
    |icmp_ln110_1_fu_1482_p2   |      icmp|   0|  0|  15|          23|           1|
    |icmp_ln110_fu_1476_p2     |      icmp|   0|  0|  11|           8|           2|
    |icmp_ln15_fu_1795_p2      |      icmp|   0|  0|   9|           4|           4|
    |icmp_ln19_fu_1828_p2      |      icmp|   0|  0|   9|           4|           4|
    |icmp_ln21_fu_1593_p2      |      icmp|   0|  0|   8|           2|           3|
    |icmp_ln33_fu_1884_p2      |      icmp|   0|  0|  10|           6|           6|
    |icmp_ln43_2_fu_1429_p2    |      icmp|   0|  0|   9|           5|           5|
    |icmp_ln43_3_fu_1449_p2    |      icmp|   0|  0|   9|           5|           5|
    |icmp_ln43_4_fu_1568_p2    |      icmp|   0|  0|   9|           4|           2|
    |icmp_ln43_fu_1405_p2      |      icmp|   0|  0|   9|           4|           2|
    |icmp_ln45_fu_1640_p2      |      icmp|   0|  0|   8|           2|           3|
    |icmp_ln54_fu_1685_p2      |      icmp|   0|  0|   8|           2|           2|
    |icmp_ln64_fu_1723_p2      |      icmp|   0|  0|   9|           5|           5|
    |icmp_ln94_fu_1777_p2      |      icmp|   0|  0|   9|           4|           4|
    |or_ln110_fu_1500_p2       |        or|   0|  0|   2|           1|           1|
    |Exu_1_1_fu_1620_p3        |    select|   0|  0|  32|           1|          32|
    |Exu_1_2_fu_1627_p3        |    select|   0|  0|  32|           1|          32|
    |reuse_select_fu_1866_p3   |    select|   0|  0|  32|           1|          32|
    |select_ln123_fu_1509_p3   |    select|   0|  0|  32|           1|          31|
    |select_ln24_1_fu_1612_p3  |    select|   0|  0|  32|           1|          32|
    |select_ln24_fu_1603_p3    |    select|   0|  0|  32|           1|          32|
    |select_ln46_1_fu_1657_p3  |    select|   0|  0|  32|           1|          32|
    |select_ln46_fu_1650_p3    |    select|   0|  0|  32|           1|          32|
    |v00_1_1_fu_1665_p3        |    select|   0|  0|  32|           1|          32|
    |v00_1_2_fu_1672_p3        |    select|   0|  0|  32|           1|          32|
    |ap_enable_pp0             |       xor|   0|  0|   2|           1|           2|
    |ap_enable_pp1             |       xor|   0|  0|   2|           1|           2|
    |ap_enable_pp10            |       xor|   0|  0|   2|           1|           2|
    |ap_enable_pp11            |       xor|   0|  0|   2|           1|           2|
    |ap_enable_pp2             |       xor|   0|  0|   2|           1|           2|
    |ap_enable_pp3             |       xor|   0|  0|   2|           1|           2|
    |ap_enable_pp4             |       xor|   0|  0|   2|           1|           2|
    |ap_enable_pp5             |       xor|   0|  0|   2|           1|           2|
    |ap_enable_pp8             |       xor|   0|  0|   2|           1|           2|
    |ap_enable_pp9             |       xor|   0|  0|   2|           1|           2|
    |ap_enable_reg_pp0_iter1   |       xor|   0|  0|   2|           2|           1|
    |ap_enable_reg_pp11_iter1  |       xor|   0|  0|   2|           2|           1|
    |ap_enable_reg_pp1_iter1   |       xor|   0|  0|   2|           2|           1|
    |ap_enable_reg_pp2_iter1   |       xor|   0|  0|   2|           2|           1|
    |ap_enable_reg_pp3_iter1   |       xor|   0|  0|   2|           2|           1|
    |ap_enable_reg_pp4_iter1   |       xor|   0|  0|   2|           2|           1|
    |ap_enable_reg_pp5_iter1   |       xor|   0|  0|   2|           2|           1|
    |ap_enable_reg_pp8_iter1   |       xor|   0|  0|   2|           2|           1|
    |ap_enable_reg_pp9_iter1   |       xor|   0|  0|   2|           2|           1|
    |xor_ln107_fu_1745_p2      |       xor|   0|  0|  33|          32|          33|
    |xor_ln110_fu_1760_p2      |       xor|   0|  0|  33|          32|          33|
    |xor_ln129_fu_1521_p2      |       xor|   0|  0|  33|          32|          33|
    |xor_ln130_fu_1536_p2      |       xor|   0|  0|  33|          32|          33|
    |xor_ln32_fu_1551_p2       |       xor|   0|  0|  33|          32|          33|
    |xor_ln55_fu_1711_p2       |       xor|   0|  0|  33|          32|          33|
    +--------------------------+----------+----+---+----+------------+------------+
    |Total                     |          |   0|  0| 869|         421|         672|
    +--------------------------+----------+----+---+----+------------+------------+

    * Multiplexer: 
    +------------------------------------+-----+-----------+-----+-----------+
    |                Name                | LUT | Input Size| Bits| Total Bits|
    +------------------------------------+-----+-----------+-----+-----------+
    |A_new_address0                      |   42|          8|    4|         32|
    |A_new_address1                      |   37|          7|    4|         28|
    |A_new_d0                            |   25|          5|   32|        160|
    |A_new_d1                            |   20|          4|   32|        128|
    |Adata_x_address0                    |   20|          4|    6|         24|
    |Adata_x_ce0                         |   14|          3|    1|          3|
    |ap_NS_fsm                           |  587|        116|    1|        116|
    |ap_enable_reg_pp0_iter1             |   14|          3|    1|          3|
    |ap_enable_reg_pp10_iter1            |    9|          2|    1|          2|
    |ap_enable_reg_pp11_iter1            |   14|          3|    1|          3|
    |ap_enable_reg_pp1_iter1             |   14|          3|    1|          3|
    |ap_enable_reg_pp2_iter1             |   14|          3|    1|          3|
    |ap_enable_reg_pp3_iter1             |   14|          3|    1|          3|
    |ap_enable_reg_pp4_iter1             |    9|          2|    1|          2|
    |ap_enable_reg_pp4_iter14            |    9|          2|    1|          2|
    |ap_enable_reg_pp5_iter1             |    9|          2|    1|          2|
    |ap_enable_reg_pp5_iter6             |    9|          2|    1|          2|
    |ap_enable_reg_pp8_iter1             |   14|          3|    1|          3|
    |ap_enable_reg_pp9_iter1             |   14|          3|    1|          3|
    |ap_phi_mux_i_57_phi_fu_1037_p4      |    9|          2|    4|          8|
    |ap_sig_allocacmp_reuse_reg_load     |    9|          2|   32|         64|
    |grp_fu_1198_ce                      |   14|          3|    1|          3|
    |grp_fu_1198_opcode                  |   25|          5|    2|         10|
    |grp_fu_1198_p0                      |   65|         12|   32|        384|
    |grp_fu_1198_p1                      |   65|         13|   32|        416|
    |grp_fu_1202_ce                      |   14|          3|    1|          3|
    |grp_fu_1202_opcode                  |   25|          5|    2|         10|
    |grp_fu_1202_p0                      |   31|          6|   32|        192|
    |grp_fu_1202_p1                      |   25|          5|   32|        160|
    |grp_fu_1206_p0                      |   14|          3|   32|         96|
    |grp_fu_1206_p1                      |   14|          3|   32|         96|
    |grp_fu_1216_ce                      |   14|          3|    1|          3|
    |grp_fu_1216_p0                      |   65|         14|   32|        448|
    |grp_fu_1216_p1                      |   65|         16|   32|        512|
    |grp_fu_1220_ce                      |   14|          3|    1|          3|
    |grp_fu_1220_p0                      |   65|         12|   32|        384|
    |grp_fu_1220_p1                      |   65|         13|   32|        416|
    |grp_fu_1232_p0                      |   25|          5|   32|        160|
    |grp_fu_1232_p1                      |   31|          6|   32|        192|
    |grp_fu_1237_p0                      |   20|          4|   32|        128|
    |grp_fu_1237_p1                      |   25|          5|   32|        160|
    |grp_fu_1250_ce                      |    9|          2|    1|          2|
    |grp_fu_1250_p0                      |   42|          8|   32|        256|
    |grp_fu_1250_p1                      |   42|          8|   32|        256|
    |grp_fu_1256_ce                      |    9|          2|    1|          2|
    |grp_fu_1256_p0                      |    9|          2|   32|         64|
    |grp_fu_1256_p1                      |    9|          2|   32|         64|
    |grp_fu_1264_ce                      |   14|          3|    1|          3|
    |grp_fu_1264_opcode                  |   14|          3|    5|         15|
    |grp_fu_1264_p0                      |   14|          3|   32|         96|
    |grp_fu_1264_p1                      |   14|          3|   32|         96|
    |grp_fu_2343_ce                      |    9|          2|    1|          2|
    |i_43_reg_882                        |    9|          2|    5|         10|
    |i_45_reg_893                        |    9|          2|    5|         10|
    |i_47_reg_904                        |    9|          2|    4|          8|
    |i_49_reg_939                        |    9|          2|    2|          4|
    |i_50_reg_978                        |    9|          2|    2|          4|
    |i_51_reg_989                        |    9|          2|    2|          4|
    |i_52_reg_1000                       |    9|          2|    5|         10|
    |i_53_reg_1011                       |    9|          2|    4|          8|
    |i_55_reg_1022                       |    9|          2|    4|          8|
    |i_57_reg_1033                       |    9|          2|    4|          8|
    |i_59_reg_1044                       |    9|          2|    6|         12|
    |i_reg_871                           |    9|          2|    4|          8|
    |info_status_val                     |   14|          3|    5|         15|
    |l_new_address0                      |   25|          5|    5|         25|
    |l_new_address1                      |   20|          4|    5|         20|
    |l_new_ce0                           |   14|          3|    1|          3|
    |l_new_ce1                           |   14|          3|    1|          3|
    |l_new_d0                            |   25|          5|   32|        160|
    |l_new_d1                            |   20|          4|   32|        128|
    |l_new_we0                           |   14|          3|    1|          3|
    |l_new_we1                           |   14|          3|    1|          3|
    |ldata_address0                      |   20|          4|    5|         20|
    |ldata_ce0                           |   20|          4|    1|          4|
    |ldata_we0                           |    9|          2|    1|          2|
    |linsys_solver_D_address0            |   14|          3|    6|         18|
    |linsys_solver_D_ce0                 |   14|          3|    1|          3|
    |linsys_solver_D_d0                  |   14|          3|   32|         96|
    |linsys_solver_D_we0                 |   14|          3|    1|          3|
    |linsys_solver_Dinv_address0         |   20|          4|    6|         24|
    |linsys_solver_Dinv_ce0              |   20|          4|    1|          4|
    |linsys_solver_Dinv_d0               |   14|          3|   32|         96|
    |linsys_solver_Dinv_we0              |   14|          3|    1|          3|
    |linsys_solver_KKT_x_address0        |   37|          7|    7|         49|
    |linsys_solver_KKT_x_ce0             |   20|          4|    1|          4|
    |linsys_solver_KKT_x_d0              |   25|          5|   32|        160|
    |linsys_solver_KKT_x_we0             |   14|          3|    1|          3|
    |linsys_solver_L_i_address0          |   20|          4|    6|         24|
    |linsys_solver_L_i_ce0               |   20|          4|    1|          4|
    |linsys_solver_L_i_d0                |   14|          3|    6|         18|
    |linsys_solver_L_i_we0               |   14|          3|    1|          3|
    |linsys_solver_L_p_address0          |   20|          4|    6|         24|
    |linsys_solver_L_p_ce0               |   20|          4|    1|          4|
    |linsys_solver_L_p_ce1               |    9|          2|    1|          2|
    |linsys_solver_L_p_d0                |   14|          3|    6|         18|
    |linsys_solver_L_p_we0               |   14|          3|    1|          3|
    |linsys_solver_L_x_address0          |   20|          4|    6|         24|
    |linsys_solver_L_x_ce0               |   20|          4|    1|          4|
    |linsys_solver_L_x_d0                |   14|          3|   32|         96|
    |linsys_solver_L_x_we0               |   14|          3|    1|          3|
    |linsys_solver_PtoKKT_address0       |   14|          3|    4|         12|
    |linsys_solver_bwork_address0        |   14|          3|    6|         18|
    |linsys_solver_bwork_ce0             |   14|          3|    1|          3|
    |linsys_solver_bwork_d0              |   14|          3|    1|          3|
    |linsys_solver_bwork_we0             |   14|          3|    1|          3|
    |linsys_solver_fwork_address0        |   14|          3|    6|         18|
    |linsys_solver_fwork_ce0             |   14|          3|    1|          3|
    |linsys_solver_fwork_d0              |   14|          3|   32|         96|
    |linsys_solver_fwork_we0             |   14|          3|    1|          3|
    |linsys_solver_iwork_address0        |   14|          3|    7|         21|
    |linsys_solver_iwork_address1        |   14|          3|    7|         21|
    |linsys_solver_iwork_ce0             |   14|          3|    1|          3|
    |linsys_solver_iwork_ce1             |   14|          3|    1|          3|
    |linsys_solver_iwork_d0              |   14|          3|    6|         18|
    |linsys_solver_iwork_d1              |   14|          3|    6|         18|
    |linsys_solver_iwork_we0             |   14|          3|    1|          3|
    |linsys_solver_iwork_we1             |   14|          3|    1|          3|
    |linsys_solver_rho_inv_vec_address0  |   14|          3|    5|         15|
    |linsys_solver_rho_inv_vec_ce0       |   14|          3|    1|          3|
    |linsys_solver_rho_inv_vec_we0       |    9|          2|    1|          2|
    |q_new_address0                      |   20|          4|    4|         16|
    |q_new_address1                      |   14|          3|    4|         12|
    |q_new_d0                            |   20|          4|   32|        128|
    |qdata_address0                      |   20|          4|    4|         16|
    |qdata_ce0                           |   14|          3|    1|          3|
    |reuse_addr_reg_fu_342               |    9|          2|   64|        128|
    |reuse_reg_fu_346                    |    9|          2|   32|         64|
    |u_new_address0                      |   25|          5|    5|         25|
    |u_new_address1                      |   20|          4|    5|         20|
    |u_new_ce0                           |   14|          3|    1|          3|
    |u_new_ce1                           |   14|          3|    1|          3|
    |u_new_d0                            |   25|          5|   32|        160|
    |u_new_d1                            |   20|          4|   32|        128|
    |u_new_we0                           |   14|          3|    1|          3|
    |u_new_we1                           |   14|          3|    1|          3|
    |udata_address0                      |   20|          4|    5|         20|
    |udata_ce0                           |   20|          4|    1|          4|
    |udata_we0                           |    9|          2|    1|          2|
    |work_rho_inv_vec_address0           |   14|          3|    5|         15|
    |work_rho_inv_vec_ce0                |   14|          3|    1|          3|
    |work_rho_inv_vec_we0                |    9|          2|    1|          2|
    |work_rho_vec_address0               |   14|          3|    5|         15|
    |work_rho_vec_ce0                    |   14|          3|    1|          3|
    |work_rho_vec_we0                    |    9|          2|    1|          2|
    |work_x_address0                     |   14|          3|    4|         12|
    |work_x_ce0                          |   14|          3|    1|          3|
    +------------------------------------+-----+-----------+-----+-----------+
    |Total                               | 3200|        658| 1447|       7458|
    +------------------------------------+-----+-----------+-----+-----------+

    * Register: 
    +----------------------------------------------------+-----+----+-----+-----------+
    |                        Name                        |  FF | LUT| Bits| Const Bits|
    +----------------------------------------------------+-----+----+-----+-----------+
    |Ax01_reg_2089                                       |   32|   0|   32|          0|
    |Exu_0_0131_reg_927                                  |   32|   0|   32|          0|
    |Exu_1_0132_reg_915                                  |   32|   0|   32|          0|
    |Vsd_read_reg_1936                                   |   32|   0|   32|          0|
    |Vsq_read_reg_1930                                   |   32|   0|   32|          0|
    |addr_cmp_reg_2314                                   |    1|   0|    1|          0|
    |ap_CS_fsm                                           |  115|   0|  115|          0|
    |ap_enable_reg_pp0_iter0                             |    1|   0|    1|          0|
    |ap_enable_reg_pp0_iter1                             |    1|   0|    1|          0|
    |ap_enable_reg_pp10_iter0                            |    1|   0|    1|          0|
    |ap_enable_reg_pp10_iter1                            |    1|   0|    1|          0|
    |ap_enable_reg_pp11_iter0                            |    1|   0|    1|          0|
    |ap_enable_reg_pp11_iter1                            |    1|   0|    1|          0|
    |ap_enable_reg_pp1_iter0                             |    1|   0|    1|          0|
    |ap_enable_reg_pp1_iter1                             |    1|   0|    1|          0|
    |ap_enable_reg_pp2_iter0                             |    1|   0|    1|          0|
    |ap_enable_reg_pp2_iter1                             |    1|   0|    1|          0|
    |ap_enable_reg_pp3_iter0                             |    1|   0|    1|          0|
    |ap_enable_reg_pp3_iter1                             |    1|   0|    1|          0|
    |ap_enable_reg_pp4_iter0                             |    1|   0|    1|          0|
    |ap_enable_reg_pp4_iter1                             |    1|   0|    1|          0|
    |ap_enable_reg_pp4_iter10                            |    1|   0|    1|          0|
    |ap_enable_reg_pp4_iter11                            |    1|   0|    1|          0|
    |ap_enable_reg_pp4_iter12                            |    1|   0|    1|          0|
    |ap_enable_reg_pp4_iter13                            |    1|   0|    1|          0|
    |ap_enable_reg_pp4_iter14                            |    1|   0|    1|          0|
    |ap_enable_reg_pp4_iter2                             |    1|   0|    1|          0|
    |ap_enable_reg_pp4_iter3                             |    1|   0|    1|          0|
    |ap_enable_reg_pp4_iter4                             |    1|   0|    1|          0|
    |ap_enable_reg_pp4_iter5                             |    1|   0|    1|          0|
    |ap_enable_reg_pp4_iter6                             |    1|   0|    1|          0|
    |ap_enable_reg_pp4_iter7                             |    1|   0|    1|          0|
    |ap_enable_reg_pp4_iter8                             |    1|   0|    1|          0|
    |ap_enable_reg_pp4_iter9                             |    1|   0|    1|          0|
    |ap_enable_reg_pp5_iter0                             |    1|   0|    1|          0|
    |ap_enable_reg_pp5_iter1                             |    1|   0|    1|          0|
    |ap_enable_reg_pp5_iter2                             |    1|   0|    1|          0|
    |ap_enable_reg_pp5_iter3                             |    1|   0|    1|          0|
    |ap_enable_reg_pp5_iter4                             |    1|   0|    1|          0|
    |ap_enable_reg_pp5_iter5                             |    1|   0|    1|          0|
    |ap_enable_reg_pp5_iter6                             |    1|   0|    1|          0|
    |ap_enable_reg_pp8_iter0                             |    1|   0|    1|          0|
    |ap_enable_reg_pp8_iter1                             |    1|   0|    1|          0|
    |ap_enable_reg_pp9_iter0                             |    1|   0|    1|          0|
    |ap_enable_reg_pp9_iter1                             |    1|   0|    1|          0|
    |bitcast_ln107_1_reg_2242                            |   32|   0|   32|          0|
    |bitcast_ln110_1_reg_2247                            |   32|   0|   32|          0|
    |bitcast_ln120_reg_2046                              |   32|   0|   32|          0|
    |bitcast_ln24_1_reg_2150                             |   32|   0|   32|          0|
    |bitcast_ln24_reg_2145                               |   32|   0|   32|          0|
    |data_V_reg_1951                                     |   32|   0|   32|          0|
    |div1_reg_2110                                       |   32|   0|   32|          0|
    |div2_reg_2115                                       |   32|   0|   32|          0|
    |grp_QDLDL_factor_fu_1172_ap_start_reg               |    1|   0|    1|          0|
    |grp_atualizar_restricao_v_fu_1119_ap_start_reg      |    1|   0|    1|          0|
    |grp_osqp_solve_fu_1055_ap_start_reg                 |    1|   0|    1|          0|
    |iL_read_reg_1925                                    |   32|   0|   32|          0|
    |i_43_cast_reg_1991                                  |    5|   0|   64|         59|
    |i_43_reg_882                                        |    5|   0|    5|          0|
    |i_45_cast_reg_2021                                  |    5|   0|   64|         59|
    |i_45_reg_893                                        |    5|   0|    5|          0|
    |i_47_cast_reg_2135                                  |    4|   0|   64|         60|
    |i_47_reg_904                                        |    4|   0|    4|          0|
    |i_49_reg_939                                        |    2|   0|    2|          0|
    |i_50_reg_978                                        |    2|   0|    2|          0|
    |i_51_reg_989                                        |    2|   0|    2|          0|
    |i_52_reg_1000                                       |    5|   0|    5|          0|
    |i_53_reg_1011                                       |    4|   0|    4|          0|
    |i_55_reg_1022                                       |    4|   0|    4|          0|
    |i_57_reg_1033                                       |    4|   0|    4|          0|
    |i_58_reg_2290                                       |    4|   0|    4|          0|
    |i_59_reg_1044                                       |    6|   0|    6|          0|
    |i_cast_reg_1967                                     |    4|   0|   64|         60|
    |i_reg_871                                           |    4|   0|    4|          0|
    |icmp_ln110_1_reg_2041                               |    1|   0|    1|          0|
    |icmp_ln110_reg_2036                                 |    1|   0|    1|          0|
    |icmp_ln15_reg_2276                                  |    1|   0|    1|          0|
    |icmp_ln19_reg_2295                                  |    1|   0|    1|          0|
    |icmp_ln19_reg_2295_pp10_iter1_reg                   |    1|   0|    1|          0|
    |icmp_ln21_reg_2160                                  |    1|   0|    1|          0|
    |icmp_ln33_reg_2329                                  |    1|   0|    1|          0|
    |icmp_ln43_2_reg_1987                                |    1|   0|    1|          0|
    |icmp_ln43_3_reg_2017                                |    1|   0|    1|          0|
    |icmp_ln43_4_reg_2131                                |    1|   0|    1|          0|
    |icmp_ln43_reg_1963                                  |    1|   0|    1|          0|
    |icmp_ln45_reg_2196                                  |    1|   0|    1|          0|
    |icmp_ln94_reg_2257                                  |    1|   0|    1|          0|
    |info_status_val                                     |    5|   0|    5|          0|
    |is_initialized                                      |    1|   0|    1|          0|
    |linsys_solver_KKT_x_addr_1_reg_2309                 |    7|   0|    7|          0|
    |linsys_solver_KKT_x_addr_1_reg_2309_pp10_iter1_reg  |    7|   0|    7|          0|
    |mul17_reg_2084                                      |   32|   0|   32|          0|
    |mul21_reg_2079                                      |   32|   0|   32|          0|
    |mul6_reg_2074                                       |   32|   0|   32|          0|
    |reg_1275                                            |   32|   0|   32|          0|
    |reg_1285                                            |   32|   0|   32|          0|
    |reg_1295                                            |   32|   0|   32|          0|
    |reg_1302                                            |   32|   0|   32|          0|
    |reg_1311                                            |   32|   0|   32|          0|
    |reg_1321                                            |   32|   0|   32|          0|
    |reg_1333                                            |   32|   0|   32|          0|
    |reg_1341                                            |   32|   0|   32|          0|
    |reg_1347                                            |   32|   0|   32|          0|
    |reg_1354                                            |   32|   0|   32|          0|
    |reg_1360                                            |   32|   0|   32|          0|
    |reg_1366                                            |   32|   0|   32|          0|
    |reg_1372                                            |   32|   0|   32|          0|
    |reg_1378                                            |   32|   0|   32|          0|
    |reuse_addr_reg_fu_342                               |   64|   0|   64|          0|
    |reuse_reg_fu_346                                    |   32|   0|   32|          0|
    |reuse_select_reg_2319                               |   32|   0|   32|          0|
    |select_ln123_reg_2068                               |   32|   0|   32|          0|
    |select_ln46_1_reg_2211                              |   32|   0|   32|          0|
    |select_ln46_reg_2206                                |   32|   0|   32|          0|
    |sub4_reg_2095                                       |   32|   0|   32|          0|
    |tmp_s_reg_2063                                      |    1|   0|    1|          0|
    |trunc_ln22_reg_2164                                 |    1|   0|    1|          0|
    |trunc_ln46_reg_2200                                 |    1|   0|    1|          0|
    |v00_0_0134_reg_950                                  |   32|   0|   32|          0|
    |v00_1_0133_reg_964                                  |   32|   0|   32|          0|
    |vdc_reg_2001                                        |   32|   0|   32|          0|
    |x_ini_2_read_reg_1946                               |   32|   0|   32|          0|
    |z_ini_0_reg_2054                                    |   32|   0|   32|          0|
    |zext_ln368_reg_1977                                 |   31|   0|   32|          1|
    |icmp_ln21_reg_2160                                  |   64|  32|    1|          0|
    |icmp_ln45_reg_2196                                  |   64|  32|    1|          0|
    |trunc_ln22_reg_2164                                 |   64|  32|    1|          0|
    |trunc_ln46_reg_2200                                 |   64|  32|    1|          0|
    +----------------------------------------------------+-----+----+-----+-----------+
    |Total                                               | 1957| 128| 1944|        239|
    +----------------------------------------------------+-----+----+-----+-----------+



================================================================
== Interface
================================================================
* Summary: 
+-----------------------+-----+-----+------------+--------------+--------------+
|       RTL Ports       | Dir | Bits|  Protocol  | Source Object|    C Type    |
+-----------------------+-----+-----+------------+--------------+--------------+
|s_axi_control_AWVALID  |   in|    1|       s_axi|       control|       pointer|
|s_axi_control_AWREADY  |  out|    1|       s_axi|       control|       pointer|
|s_axi_control_AWADDR   |   in|    7|       s_axi|       control|       pointer|
|s_axi_control_WVALID   |   in|    1|       s_axi|       control|       pointer|
|s_axi_control_WREADY   |  out|    1|       s_axi|       control|       pointer|
|s_axi_control_WDATA    |   in|   32|       s_axi|       control|       pointer|
|s_axi_control_WSTRB    |   in|    4|       s_axi|       control|       pointer|
|s_axi_control_ARVALID  |   in|    1|       s_axi|       control|       pointer|
|s_axi_control_ARREADY  |  out|    1|       s_axi|       control|       pointer|
|s_axi_control_ARADDR   |   in|    7|       s_axi|       control|       pointer|
|s_axi_control_RVALID   |  out|    1|       s_axi|       control|       pointer|
|s_axi_control_RREADY   |   in|    1|       s_axi|       control|       pointer|
|s_axi_control_RDATA    |  out|   32|       s_axi|       control|       pointer|
|s_axi_control_RRESP    |  out|    2|       s_axi|       control|       pointer|
|s_axi_control_BVALID   |  out|    1|       s_axi|       control|       pointer|
|s_axi_control_BREADY   |   in|    1|       s_axi|       control|       pointer|
|s_axi_control_BRESP    |  out|    2|       s_axi|       control|       pointer|
|ap_clk                 |   in|    1|  ap_ctrl_hs|    myFunction|  return value|
|ap_rst_n               |   in|    1|  ap_ctrl_hs|    myFunction|  return value|
|interrupt              |  out|    1|  ap_ctrl_hs|    myFunction|  return value|
+-----------------------+-----+-----+------------+--------------+--------------+

