

================================================================
== Vitis HLS Report for 'compute_dua_res'
================================================================
* Date:           Sat Feb  7 11:29:10 2026

* Version:        2020.2 (Build 3064766 on Wed Nov 18 09:12:45 MST 2020)
* Project:        hls_project
* Solution:       solution1 (Vivado IP Flow Target)
* Product family: zynq
* Target device:  xc7z020-clg484-1


================================================================
== Performance Estimates
================================================================
+ Timing: 
    * Summary: 
    +--------+----------+----------+------------+
    |  Clock |  Target  | Estimated| Uncertainty|
    +--------+----------+----------+------------+
    |ap_clk  |  10.00 ns|  4.644 ns|     2.70 ns|
    +--------+----------+----------+------------+

+ Latency: 
    * Summary: 
    +---------+---------+----------+----------+-----+-----+---------+
    |  Latency (cycles) |  Latency (absolute) |  Interval | Pipeline|
    |   min   |   max   |    min   |    max   | min | max |   Type  |
    +---------+---------+----------+----------+-----+-----+---------+
    |        ?|        ?|         ?|         ?|    ?|    ?|     none|
    +---------+---------+----------+----------+-----+-----+---------+

    + Detail: 
        * Instance: 
        N/A

        * Loop: 
        +-------------------+---------+---------+----------+-----------+-----------+------+----------+
        |                   |  Latency (cycles) | Iteration|  Initiation Interval  | Trip |          |
        |     Loop Name     |   min   |   max   |  Latency |  achieved |   target  | Count| Pipelined|
        +-------------------+---------+---------+----------+-----------+-----------+------+----------+
        |- VITIS_LOOP_43_1  |       30|       30|         2|          -|          -|    15|        no|
        |- VITIS_LOOP_85_1  |       19|       19|         1|          -|          -|    19|        no|
        +-------------------+---------+---------+----------+-----------+-----------+------+----------+



================================================================
== Utilization Estimates
================================================================
* Summary: 
+-----------------+---------+-----+--------+-------+-----+
|       Name      | BRAM_18K| DSP |   FF   |  LUT  | URAM|
+-----------------+---------+-----+--------+-------+-----+
|DSP              |        -|    -|       -|      -|    -|
|Expression       |        -|    -|       0|     35|    -|
|FIFO             |        -|    -|       -|      -|    -|
|Instance         |        -|    -|       -|      -|    -|
|Memory           |        -|    -|       -|      -|    -|
|Multiplexer      |        -|    -|       -|     43|    -|
|Register         |        -|    -|      20|      -|    -|
+-----------------+---------+-----+--------+-------+-----+
|Total            |        0|    0|      20|     78|    0|
+-----------------+---------+-----+--------+-------+-----+
|Available        |      280|  220|  106400|  53200|    0|
+-----------------+---------+-----+--------+-------+-----+
|Utilization (%)  |        0|    0|      ~0|     ~0|    0|
+-----------------+---------+-----+--------+-------+-----+

+ Detail: 
    * Instance: 
    N/A

    * DSP: 
    N/A

    * Memory: 
    N/A

    * FIFO: 
    N/A

    * Expression: 
    +---------------------+----------+----+---+----+------------+------------+
    |    Variable Name    | Operation| DSP| FF| LUT| Bitwidth P0| Bitwidth P1|
    +---------------------+----------+----+---+----+------------+------------+
    |i_72_fu_91_p2        |         +|   0|  0|  13|           4|           1|
    |i_74_fu_113_p2       |         +|   0|  0|  13|           4|           1|
    |icmp_ln43_fu_102_p2  |      icmp|   0|  0|   9|           4|           2|
    +---------------------+----------+----+---+----+------------+------------+
    |Total                |          |   0|  0|  35|          12|           4|
    +---------------------+----------+----+---+----+------------+------------+

    * Multiplexer: 
    +-------------+----+-----------+-----+-----------+
    |     Name    | LUT| Input Size| Bits| Total Bits|
    +-------------+----+-----------+-----+-----------+
    |ap_NS_fsm    |  25|          5|    1|          5|
    |i_73_reg_80  |   9|          2|    4|          8|
    |i_reg_69     |   9|          2|    4|          8|
    +-------------+----+-----------+-----+-----------+
    |Total        |  43|          9|    9|         21|
    +-------------+----+-----------+-----+-----------+

    * Register: 
    +-------------------+---+----+-----+-----------+
    |        Name       | FF| LUT| Bits| Const Bits|
    +-------------------+---+----+-----+-----------+
    |ap_CS_fsm          |  4|   0|    4|          0|
    |i_72_reg_119       |  4|   0|    4|          0|
    |i_73_reg_80        |  4|   0|    4|          0|
    |i_reg_69           |  4|   0|    4|          0|
    |zext_ln43_reg_124  |  4|   0|   64|         60|
    +-------------------+---+----+-----+-----------+
    |Total              | 20|   0|   80|         60|
    +-------------------+---+----+-----+-----------+



================================================================
== Interface
================================================================
* Summary: 
+----------------------+-----+-----+------------+-----------------+--------------+
|       RTL Ports      | Dir | Bits|  Protocol  |  Source Object  |    C Type    |
+----------------------+-----+-----+------------+-----------------+--------------+
|ap_clk                |   in|    1|  ap_ctrl_hs|  compute_dua_res|  return value|
|ap_rst                |   in|    1|  ap_ctrl_hs|  compute_dua_res|  return value|
|ap_start              |   in|    1|  ap_ctrl_hs|  compute_dua_res|  return value|
|ap_done               |  out|    1|  ap_ctrl_hs|  compute_dua_res|  return value|
|ap_idle               |  out|    1|  ap_ctrl_hs|  compute_dua_res|  return value|
|ap_ready              |  out|    1|  ap_ctrl_hs|  compute_dua_res|  return value|
|qdata_address0        |  out|    4|   ap_memory|            qdata|         array|
|qdata_ce0             |  out|    1|   ap_memory|            qdata|         array|
|qdata_q0              |   in|   32|   ap_memory|            qdata|         array|
|work_x_prev_address0  |  out|    4|   ap_memory|      work_x_prev|         array|
|work_x_prev_ce0       |  out|    1|   ap_memory|      work_x_prev|         array|
|work_x_prev_we0       |  out|    1|   ap_memory|      work_x_prev|         array|
|work_x_prev_d0        |  out|   32|   ap_memory|      work_x_prev|         array|
|work_Px_address0      |  out|    4|   ap_memory|          work_Px|         array|
|work_Px_ce0           |  out|    1|   ap_memory|          work_Px|         array|
|work_Px_we0           |  out|    1|   ap_memory|          work_Px|         array|
|work_Px_d0            |  out|   32|   ap_memory|          work_Px|         array|
+----------------------+-----+-----+------------+-----------------+--------------+

============================================================
+ Verbose Summary: Synthesis Manager
============================================================
InlineROM: 1
ExposeGlobal: 0
============================================================
+ Verbose Summary: CDFG Model
============================================================
IsTopModel: 0
ResetActiveHigh: 1
IsCombinational: 2
IsDatapathOnly: 2
HasWiredReturn: 1
HasMFsm: 0
HasVarLatency: 1
IsPipeline: 0
IsRtlPipelined: 0
IsInstanceOverlapped: 0
IsDontTouch: 0
HasImplIP: 0
IsGatedGlobalClock: 0


============================================================
+ Verbose Summary: Schedule
============================================================
* Number of FSM states : 4
* Pipeline : 0
* Dataflow Pipeline: 0

* FSM state transitions: 
1 --> 2 
2 --> 3 4 
3 --> 2 
4 --> 4 

* FSM state operations: 

State 1 <SV = 0> <Delay = 1.58>
ST_1 : Operation 5 [1/1] (1.58ns)   --->   "%br_ln43 = br void" [srcs/src/lin_alg.c:43]   --->   Operation 5 'br' 'br_ln43' <Predicate = true> <Delay = 1.58>

State 2 <SV = 1> <Delay = 2.32>
ST_2 : Operation 6 [1/1] (0.00ns)   --->   "%i = phi i4 0, void, i4 %i_72, void %.split22"   --->   Operation 6 'phi' 'i' <Predicate = true> <Delay = 0.00>
ST_2 : Operation 7 [1/1] (1.73ns)   --->   "%i_72 = add i4 %i, i4 1" [srcs/src/lin_alg.c:43]   --->   Operation 7 'add' 'i_72' <Predicate = true> <Delay = 1.73> <CoreInst = "Adder">   --->   Core 1 'Adder' <Latency = 0> <II = 1> <Delay = 1.73> <FuncUnit> <Opcode : 'add' 'sub'> <InPorts = 2> <OutPorts = 1>
ST_2 : Operation 8 [1/1] (0.00ns)   --->   "%zext_ln43 = zext i4 %i" [srcs/src/lin_alg.c:43]   --->   Operation 8 'zext' 'zext_ln43' <Predicate = true> <Delay = 0.00>
ST_2 : Operation 9 [1/1] (1.30ns)   --->   "%icmp_ln43 = icmp_eq  i4 %i, i4 15" [srcs/src/lin_alg.c:43]   --->   Operation 9 'icmp' 'icmp_ln43' <Predicate = true> <Delay = 1.30> <CoreInst = "Cmp">   --->   Core 9 'Cmp' <Latency = 0> <II = 1> <Delay = 1.30> <FuncUnit> <Opcode : 'icmp'> <InPorts = 2> <OutPorts = 1>
ST_2 : Operation 10 [1/1] (0.00ns)   --->   "%empty = speclooptripcount i32 @_ssdm_op_SpecLoopTripCount, i64 15, i64 15, i64 15"   --->   Operation 10 'speclooptripcount' 'empty' <Predicate = true> <Delay = 0.00>
ST_2 : Operation 11 [1/1] (0.00ns)   --->   "%br_ln43 = br i1 %icmp_ln43, void %.split22, void %prea_vec_copy.exit.preheader" [srcs/src/lin_alg.c:43]   --->   Operation 11 'br' 'br_ln43' <Predicate = true> <Delay = 0.00>
ST_2 : Operation 12 [1/1] (0.00ns)   --->   "%qdata_addr = getelementptr i32 %qdata, i64 0, i64 %zext_ln43" [srcs/src/lin_alg.c:43]   --->   Operation 12 'getelementptr' 'qdata_addr' <Predicate = (!icmp_ln43)> <Delay = 0.00>
ST_2 : Operation 13 [2/2] (2.32ns)   --->   "%qdata_load = load i4 %qdata_addr" [srcs/src/lin_alg.c:43]   --->   Operation 13 'load' 'qdata_load' <Predicate = (!icmp_ln43)> <Delay = 2.32> <CoreInst = "RAM">   --->   Core 82 'RAM' <Latency = 1> <II = 1> <Delay = 2.32> <Storage> <Opcode : 'load' 'store'> <Ports = 2> <Width = 32> <Depth = 15> <RAM>
ST_2 : Operation 14 [1/1] (1.58ns)   --->   "%br_ln85 = br void %prea_vec_copy.exit" [srcs/src/lin_alg.c:85]   --->   Operation 14 'br' 'br_ln85' <Predicate = (icmp_ln43)> <Delay = 1.58>

State 3 <SV = 2> <Delay = 4.64>
ST_3 : Operation 15 [1/1] (0.00ns)   --->   "%specloopname_ln43 = specloopname void @_ssdm_op_SpecLoopName, void @empty_56" [srcs/src/lin_alg.c:43]   --->   Operation 15 'specloopname' 'specloopname_ln43' <Predicate = true> <Delay = 0.00>
ST_3 : Operation 16 [1/2] (2.32ns)   --->   "%qdata_load = load i4 %qdata_addr" [srcs/src/lin_alg.c:43]   --->   Operation 16 'load' 'qdata_load' <Predicate = true> <Delay = 2.32> <CoreInst = "RAM">   --->   Core 82 'RAM' <Latency = 1> <II = 1> <Delay = 2.32> <Storage> <Opcode : 'load' 'store'> <Ports = 2> <Width = 32> <Depth = 15> <RAM>
ST_3 : Operation 17 [1/1] (0.00ns)   --->   "%work_x_prev_addr = getelementptr i32 %work_x_prev, i64 0, i64 %zext_ln43" [srcs/src/lin_alg.c:43]   --->   Operation 17 'getelementptr' 'work_x_prev_addr' <Predicate = true> <Delay = 0.00>
ST_3 : Operation 18 [1/1] (2.32ns)   --->   "%store_ln43 = store i32 %qdata_load, i4 %work_x_prev_addr" [srcs/src/lin_alg.c:43]   --->   Operation 18 'store' 'store_ln43' <Predicate = true> <Delay = 2.32> <CoreInst = "RAM">   --->   Core 82 'RAM' <Latency = 1> <II = 1> <Delay = 2.32> <Storage> <Opcode : 'load' 'store'> <Ports = 2> <Width = 32> <Depth = 15> <RAM>
ST_3 : Operation 19 [1/1] (0.00ns)   --->   "%br_ln0 = br void"   --->   Operation 19 'br' 'br_ln0' <Predicate = true> <Delay = 0.00>

State 4 <SV = 2> <Delay = 2.32>
ST_4 : Operation 20 [1/1] (0.00ns)   --->   "%i_73 = phi i4 %i_74, void %prea_vec_copy.exit, i4 0, void %prea_vec_copy.exit.preheader"   --->   Operation 20 'phi' 'i_73' <Predicate = true> <Delay = 0.00>
ST_4 : Operation 21 [1/1] (0.00ns)   --->   "%zext_ln85 = zext i4 %i_73" [srcs/src/lin_alg.c:85]   --->   Operation 21 'zext' 'zext_ln85' <Predicate = true> <Delay = 0.00>
ST_4 : Operation 22 [1/1] (0.00ns)   --->   "%empty_114 = speclooptripcount i32 @_ssdm_op_SpecLoopTripCount, i64 19, i64 19, i64 19"   --->   Operation 22 'speclooptripcount' 'empty_114' <Predicate = true> <Delay = 0.00>
ST_4 : Operation 23 [1/1] (0.00ns)   --->   "%specloopname_ln83 = specloopname void @_ssdm_op_SpecLoopName, void @empty_57" [srcs/src/lin_alg.c:83]   --->   Operation 23 'specloopname' 'specloopname_ln83' <Predicate = true> <Delay = 0.00>
ST_4 : Operation 24 [1/1] (0.00ns)   --->   "%work_Px_addr = getelementptr i32 %work_Px, i64 0, i64 %zext_ln85" [srcs/src/lin_alg.c:85]   --->   Operation 24 'getelementptr' 'work_Px_addr' <Predicate = true> <Delay = 0.00>
ST_4 : Operation 25 [1/1] (2.32ns)   --->   "%store_ln85 = store i32 0, i4 %work_Px_addr" [srcs/src/lin_alg.c:85]   --->   Operation 25 'store' 'store_ln85' <Predicate = true> <Delay = 2.32> <CoreInst = "RAM">   --->   Core 82 'RAM' <Latency = 1> <II = 1> <Delay = 2.32> <Storage> <Opcode : 'load' 'store'> <Ports = 2> <Width = 32> <Depth = 15> <RAM>
ST_4 : Operation 26 [1/1] (1.73ns)   --->   "%i_74 = add i4 %i_73, i4 1" [srcs/src/lin_alg.c:85]   --->   Operation 26 'add' 'i_74' <Predicate = true> <Delay = 1.73> <CoreInst = "Adder">   --->   Core 1 'Adder' <Latency = 0> <II = 1> <Delay = 1.73> <FuncUnit> <Opcode : 'add' 'sub'> <InPorts = 2> <OutPorts = 1>
ST_4 : Operation 27 [1/1] (0.00ns)   --->   "%br_ln0 = br void %prea_vec_copy.exit"   --->   Operation 27 'br' 'br_ln0' <Predicate = true> <Delay = 0.00>


============================================================
+ Verbose Summary: Binding
============================================================
STG Binding: 
---------------- STG Properties BEGIN ----------------
- Is combinational: 0
- Is one-state seq: 0
- Is datapath-only: 0
- Is pipelined: 0
- Is top level: 0
Port [ Return ] is wired: 1; IO mode=ap_ctrl_hs:ce=0
Port [ qdata]:  wired=1; compound=1; hidden=0; nouse=0; global=1; static=1; extern=0; dir=0; type=1; pingpong=0; private_global=0; MemPort=[13]; IO mode=ap_memory:ce=0
Port [ work_x_prev]:  wired=1; compound=1; hidden=0; nouse=0; global=1; static=1; extern=0; dir=1; type=1; pingpong=0; private_global=0; MemPort=[03]; IO mode=ap_memory:ce=0
Port [ work_Px]:  wired=1; compound=1; hidden=0; nouse=0; global=1; static=1; extern=0; dir=1; type=1; pingpong=0; private_global=0; MemPort=[03]; IO mode=ap_memory:ce=0
---------------- STG Properties END ------------------

---------------- Datapath Model BEGIN ----------------

<LifeTime>
<method=bitvector/>
br_ln43           (br               ) [ 01110]
i                 (phi              ) [ 00100]
i_72              (add              ) [ 01110]
zext_ln43         (zext             ) [ 00010]
icmp_ln43         (icmp             ) [ 00110]
empty             (speclooptripcount) [ 00000]
br_ln43           (br               ) [ 00000]
qdata_addr        (getelementptr    ) [ 00010]
br_ln85           (br               ) [ 00111]
specloopname_ln43 (specloopname     ) [ 00000]
qdata_load        (load             ) [ 00000]
work_x_prev_addr  (getelementptr    ) [ 00000]
store_ln43        (store            ) [ 00000]
br_ln0            (br               ) [ 01110]
i_73              (phi              ) [ 00001]
zext_ln85         (zext             ) [ 00000]
empty_114         (speclooptripcount) [ 00000]
specloopname_ln83 (specloopname     ) [ 00000]
work_Px_addr      (getelementptr    ) [ 00000]
store_ln85        (store            ) [ 00000]
i_74              (add              ) [ 00101]
br_ln0            (br               ) [ 00101]
</LifeTime>

<model>

<comp_list>
<comp id="0" class="1000" name="qdata">
<pin_list>
<pin id="1" dir="1" index="0" bw="1" slack="0"/>
</pin_list>
<bind>
<StgValue><ssdm name="qdata"/><MemPortTyVec>1 3 </MemPortTyVec>
</StgValue>
</bind>
</comp>

<comp id="2" class="1000" name="work_x_prev">
<pin_list>
<pin id="3" dir="1" index="0" bw="1" slack="0"/>
</pin_list>
<bind>
<StgValue><ssdm name="work_x_prev"/><MemPortTyVec>0 3 </MemPortTyVec>
</StgValue>
</bind>
</comp>

<comp id="4" class="1000" name="work_Px">
<pin_list>
<pin id="5" dir="1" index="0" bw="1" slack="0"/>
</pin_list>
<bind>
<StgValue><ssdm name="work_Px"/><MemPortTyVec>0 3 </MemPortTyVec>
</StgValue>
</bind>
</comp>

<comp id="6" class="1001" name="const_6">
<pin_list>
<pin id="7" dir="1" index="0" bw="1" slack="1"/>
</pin_list>
<bind>
<StgValue><ssdm name=""/></StgValue>
</bind>
</comp>

<comp id="8" class="1001" name="const_8">
<pin_list>
<pin id="9" dir="1" index="0" bw="1" slack="0"/>
</pin_list>
<bind>
<StgValue><ssdm name=""/></StgValue>
</bind>
</comp>

<comp id="10" class="1001" name="const_10">
<pin_list>
<pin id="11" dir="1" index="0" bw="1" slack="0"/>
</pin_list>
<bind>
<StgValue><ssdm name=""/></StgValue>
</bind>
</comp>

<comp id="12" class="1001" name="const_12">
<pin_list>
<pin id="13" dir="1" index="0" bw="1" slack="2147483647"/>
</pin_list>
<bind>
<StgValue><ssdm name="_ssdm_op_SpecLoopTripCount"/></StgValue>
</bind>
</comp>

<comp id="14" class="1001" name="const_14">
<pin_list>
<pin id="15" dir="1" index="0" bw="1" slack="2147483647"/>
</pin_list>
<bind>
<StgValue><ssdm name=""/></StgValue>
</bind>
</comp>

<comp id="16" class="1001" name="const_16">
<pin_list>
<pin id="17" dir="1" index="0" bw="1" slack="0"/>
</pin_list>
<bind>
<StgValue><ssdm name=""/></StgValue>
</bind>
</comp>

<comp id="18" class="1001" name="const_18">
<pin_list>
<pin id="19" dir="1" index="0" bw="1" slack="2147483647"/>
</pin_list>
<bind>
<StgValue><ssdm name="_ssdm_op_SpecLoopName"/></StgValue>
</bind>
</comp>

<comp id="20" class="1001" name="const_20">
<pin_list>
<pin id="21" dir="1" index="0" bw="1" slack="2147483647"/>
</pin_list>
<bind>
<StgValue><ssdm name="empty_56"/></StgValue>
</bind>
</comp>

<comp id="22" class="1001" name="const_22">
<pin_list>
<pin id="23" dir="1" index="0" bw="1" slack="2147483647"/>
</pin_list>
<bind>
<StgValue><ssdm name=""/></StgValue>
</bind>
</comp>

<comp id="24" class="1001" name="const_24">
<pin_list>
<pin id="25" dir="1" index="0" bw="1" slack="2147483647"/>
</pin_list>
<bind>
<StgValue><ssdm name="empty_57"/></StgValue>
</bind>
</comp>

<comp id="26" class="1001" name="const_26">
<pin_list>
<pin id="27" dir="1" index="0" bw="1" slack="0"/>
</pin_list>
<bind>
<StgValue><ssdm name=""/></StgValue>
</bind>
</comp>

<comp id="28" class="1004" name="qdata_addr_gep_fu_28">
<pin_list>
<pin id="29" dir="0" index="0" bw="32" slack="0"/>
<pin id="30" dir="0" index="1" bw="1" slack="0"/>
<pin id="31" dir="0" index="2" bw="4" slack="0"/>
<pin id="32" dir="1" index="3" bw="4" slack="0"/>
</pin_list>
<bind>
<opcode="getelementptr(29) " fcode="getelementptr"/>
<opset="qdata_addr/2 "/>
</bind>
</comp>

<comp id="35" class="1004" name="grp_access_fu_35">
<pin_list>
<pin id="36" dir="0" index="0" bw="4" slack="0"/>
<pin id="37" dir="0" index="1" bw="32" slack="2147483647"/>
<pin id="38" dir="0" index="2" bw="0" slack="2147483647"/>
<pin id="39" dir="1" index="3" bw="32" slack="0"/>
</pin_list>
<bind>
<opcode="load(27) " fcode="load"/>
<opset="qdata_load/2 "/>
</bind>
</comp>

<comp id="41" class="1004" name="work_x_prev_addr_gep_fu_41">
<pin_list>
<pin id="42" dir="0" index="0" bw="32" slack="0"/>
<pin id="43" dir="0" index="1" bw="1" slack="0"/>
<pin id="44" dir="0" index="2" bw="4" slack="1"/>
<pin id="45" dir="1" index="3" bw="4" slack="0"/>
</pin_list>
<bind>
<opcode="getelementptr(29) " fcode="getelementptr"/>
<opset="work_x_prev_addr/3 "/>
</bind>
</comp>

<comp id="48" class="1004" name="store_ln43_access_fu_48">
<pin_list>
<pin id="49" dir="0" index="0" bw="4" slack="0"/>
<pin id="50" dir="0" index="1" bw="32" slack="0"/>
<pin id="51" dir="0" index="2" bw="0" slack="2147483647"/>
<pin id="52" dir="1" index="3" bw="32" slack="2147483647"/>
</pin_list>
<bind>
<opcode="store(28) " fcode="store"/>
<opset="store_ln43/3 "/>
</bind>
</comp>

<comp id="55" class="1004" name="work_Px_addr_gep_fu_55">
<pin_list>
<pin id="56" dir="0" index="0" bw="32" slack="0"/>
<pin id="57" dir="0" index="1" bw="1" slack="0"/>
<pin id="58" dir="0" index="2" bw="4" slack="0"/>
<pin id="59" dir="1" index="3" bw="4" slack="0"/>
</pin_list>
<bind>
<opcode="getelementptr(29) " fcode="getelementptr"/>
<opset="work_Px_addr/4 "/>
</bind>
</comp>

<comp id="62" class="1004" name="store_ln85_access_fu_62">
<pin_list>
<pin id="63" dir="0" index="0" bw="4" slack="0"/>
<pin id="64" dir="0" index="1" bw="32" slack="0"/>
<pin id="65" dir="0" index="2" bw="0" slack="2147483647"/>
<pin id="66" dir="1" index="3" bw="32" slack="2147483647"/>
</pin_list>
<bind>
<opcode="store(28) " fcode="store"/>
<opset="store_ln85/4 "/>
</bind>
</comp>

<comp id="69" class="1005" name="i_reg_69">
<pin_list>
<pin id="70" dir="0" index="0" bw="4" slack="1"/>
<pin id="71" dir="1" index="1" bw="4" slack="1"/>
</pin_list>
<bind>
<opset="i (phireg) "/>
</bind>
</comp>

<comp id="73" class="1004" name="i_phi_fu_73">
<pin_list>
<pin id="74" dir="0" index="0" bw="1" slack="1"/>
<pin id="75" dir="0" index="1" bw="0" slack="2147483647"/>
<pin id="76" dir="0" index="2" bw="4" slack="0"/>
<pin id="77" dir="0" index="3" bw="0" slack="2147483647"/>
<pin id="78" dir="1" index="4" bw="4" slack="0"/>
</pin_list>
<bind>
<opcode="phi(47) " fcode="phi"/>
<opset="i/2 "/>
</bind>
</comp>

<comp id="80" class="1005" name="i_73_reg_80">
<pin_list>
<pin id="81" dir="0" index="0" bw="4" slack="1"/>
<pin id="82" dir="1" index="1" bw="4" slack="1"/>
</pin_list>
<bind>
<opset="i_73 (phireg) "/>
</bind>
</comp>

<comp id="84" class="1004" name="i_73_phi_fu_84">
<pin_list>
<pin id="85" dir="0" index="0" bw="4" slack="0"/>
<pin id="86" dir="0" index="1" bw="0" slack="2147483647"/>
<pin id="87" dir="0" index="2" bw="1" slack="1"/>
<pin id="88" dir="0" index="3" bw="0" slack="2147483647"/>
<pin id="89" dir="1" index="4" bw="4" slack="0"/>
</pin_list>
<bind>
<opcode="phi(47) " fcode="phi"/>
<opset="i_73/4 "/>
</bind>
</comp>

<comp id="91" class="1004" name="i_72_fu_91">
<pin_list>
<pin id="92" dir="0" index="0" bw="4" slack="0"/>
<pin id="93" dir="0" index="1" bw="1" slack="0"/>
<pin id="94" dir="1" index="2" bw="4" slack="0"/>
</pin_list>
<bind>
<opcode="add(8) " fcode="add"/>
<opset="i_72/2 "/>
</bind>
</comp>

<comp id="97" class="1004" name="zext_ln43_fu_97">
<pin_list>
<pin id="98" dir="0" index="0" bw="4" slack="0"/>
<pin id="99" dir="1" index="1" bw="64" slack="0"/>
</pin_list>
<bind>
<opcode="zext(34) " fcode="zext"/>
<opset="zext_ln43/2 "/>
</bind>
</comp>

<comp id="102" class="1004" name="icmp_ln43_fu_102">
<pin_list>
<pin id="103" dir="0" index="0" bw="4" slack="0"/>
<pin id="104" dir="0" index="1" bw="4" slack="0"/>
<pin id="105" dir="1" index="2" bw="1" slack="2147483647"/>
</pin_list>
<bind>
<opcode="icmp(45) " fcode="icmp"/>
<opset="icmp_ln43/2 "/>
</bind>
</comp>

<comp id="108" class="1004" name="zext_ln85_fu_108">
<pin_list>
<pin id="109" dir="0" index="0" bw="4" slack="0"/>
<pin id="110" dir="1" index="1" bw="64" slack="0"/>
</pin_list>
<bind>
<opcode="zext(34) " fcode="zext"/>
<opset="zext_ln85/4 "/>
</bind>
</comp>

<comp id="113" class="1004" name="i_74_fu_113">
<pin_list>
<pin id="114" dir="0" index="0" bw="4" slack="0"/>
<pin id="115" dir="0" index="1" bw="1" slack="0"/>
<pin id="116" dir="1" index="2" bw="4" slack="0"/>
</pin_list>
<bind>
<opcode="add(8) " fcode="add"/>
<opset="i_74/4 "/>
</bind>
</comp>

<comp id="119" class="1005" name="i_72_reg_119">
<pin_list>
<pin id="120" dir="0" index="0" bw="4" slack="0"/>
<pin id="121" dir="1" index="1" bw="4" slack="0"/>
</pin_list>
<bind>
<opset="i_72 "/>
</bind>
</comp>

<comp id="124" class="1005" name="zext_ln43_reg_124">
<pin_list>
<pin id="125" dir="0" index="0" bw="64" slack="1"/>
<pin id="126" dir="1" index="1" bw="64" slack="1"/>
</pin_list>
<bind>
<opset="zext_ln43 "/>
</bind>
</comp>

<comp id="132" class="1005" name="qdata_addr_reg_132">
<pin_list>
<pin id="133" dir="0" index="0" bw="4" slack="1"/>
<pin id="134" dir="1" index="1" bw="4" slack="1"/>
</pin_list>
<bind>
<opset="qdata_addr "/>
</bind>
</comp>

<comp id="137" class="1005" name="i_74_reg_137">
<pin_list>
<pin id="138" dir="0" index="0" bw="4" slack="0"/>
<pin id="139" dir="1" index="1" bw="4" slack="0"/>
</pin_list>
<bind>
<opset="i_74 "/>
</bind>
</comp>

</comp_list>

<net_list>
<net id="33"><net_src comp="0" pin="0"/><net_sink comp="28" pin=0"/></net>

<net id="34"><net_src comp="16" pin="0"/><net_sink comp="28" pin=1"/></net>

<net id="40"><net_src comp="28" pin="3"/><net_sink comp="35" pin=0"/></net>

<net id="46"><net_src comp="2" pin="0"/><net_sink comp="41" pin=0"/></net>

<net id="47"><net_src comp="16" pin="0"/><net_sink comp="41" pin=1"/></net>

<net id="53"><net_src comp="35" pin="3"/><net_sink comp="48" pin=1"/></net>

<net id="54"><net_src comp="41" pin="3"/><net_sink comp="48" pin=0"/></net>

<net id="60"><net_src comp="4" pin="0"/><net_sink comp="55" pin=0"/></net>

<net id="61"><net_src comp="16" pin="0"/><net_sink comp="55" pin=1"/></net>

<net id="67"><net_src comp="26" pin="0"/><net_sink comp="62" pin=1"/></net>

<net id="68"><net_src comp="55" pin="3"/><net_sink comp="62" pin=0"/></net>

<net id="72"><net_src comp="6" pin="0"/><net_sink comp="69" pin=0"/></net>

<net id="79"><net_src comp="69" pin="1"/><net_sink comp="73" pin=0"/></net>

<net id="83"><net_src comp="6" pin="0"/><net_sink comp="80" pin=0"/></net>

<net id="90"><net_src comp="80" pin="1"/><net_sink comp="84" pin=2"/></net>

<net id="95"><net_src comp="73" pin="4"/><net_sink comp="91" pin=0"/></net>

<net id="96"><net_src comp="8" pin="0"/><net_sink comp="91" pin=1"/></net>

<net id="100"><net_src comp="73" pin="4"/><net_sink comp="97" pin=0"/></net>

<net id="101"><net_src comp="97" pin="1"/><net_sink comp="28" pin=2"/></net>

<net id="106"><net_src comp="73" pin="4"/><net_sink comp="102" pin=0"/></net>

<net id="107"><net_src comp="10" pin="0"/><net_sink comp="102" pin=1"/></net>

<net id="111"><net_src comp="84" pin="4"/><net_sink comp="108" pin=0"/></net>

<net id="112"><net_src comp="108" pin="1"/><net_sink comp="55" pin=2"/></net>

<net id="117"><net_src comp="84" pin="4"/><net_sink comp="113" pin=0"/></net>

<net id="118"><net_src comp="8" pin="0"/><net_sink comp="113" pin=1"/></net>

<net id="122"><net_src comp="91" pin="2"/><net_sink comp="119" pin=0"/></net>

<net id="123"><net_src comp="119" pin="1"/><net_sink comp="73" pin=2"/></net>

<net id="127"><net_src comp="97" pin="1"/><net_sink comp="124" pin=0"/></net>

<net id="128"><net_src comp="124" pin="1"/><net_sink comp="41" pin=2"/></net>

<net id="135"><net_src comp="28" pin="3"/><net_sink comp="132" pin=0"/></net>

<net id="136"><net_src comp="132" pin="1"/><net_sink comp="35" pin=0"/></net>

<net id="140"><net_src comp="113" pin="2"/><net_sink comp="137" pin=0"/></net>

<net id="141"><net_src comp="137" pin="1"/><net_sink comp="84" pin=0"/></net>

</net_list>

</model> 
---------------- Datapath Model END ------------------

* FSMD analyzer results:
  - Output states:
	Port: qdata | {}
	Port: work_x_prev | {3 }
	Port: work_Px | {4 }
 - Input state : 
	Port: compute_dua_res : qdata | {2 3 }
	Port: compute_dua_res : work_x_prev | {}
	Port: compute_dua_res : work_Px | {}
  - Chain level:
	State 1
	State 2
		i_72 : 1
		zext_ln43 : 1
		icmp_ln43 : 1
		br_ln43 : 2
		qdata_addr : 2
		qdata_load : 3
	State 3
		store_ln43 : 1
	State 4
		zext_ln85 : 1
		work_Px_addr : 2
		store_ln85 : 3
		i_74 : 1


============================================================
+ Verbose Summary: Datapath Resource usage 
============================================================

* Functional unit list:
|----------|------------------|---------|---------|
| Operation|  Functional Unit |    FF   |   LUT   |
|----------|------------------|---------|---------|
|    add   |    i_72_fu_91    |    0    |    13   |
|          |    i_74_fu_113   |    0    |    13   |
|----------|------------------|---------|---------|
|   icmp   | icmp_ln43_fu_102 |    0    |    9    |
|----------|------------------|---------|---------|
|   zext   |  zext_ln43_fu_97 |    0    |    0    |
|          | zext_ln85_fu_108 |    0    |    0    |
|----------|------------------|---------|---------|
|   Total  |                  |    0    |    35   |
|----------|------------------|---------|---------|

Memories:
N/A

* Register list:
+------------------+--------+
|                  |   FF   |
+------------------+--------+
|   i_72_reg_119   |    4   |
|    i_73_reg_80   |    4   |
|   i_74_reg_137   |    4   |
|     i_reg_69     |    4   |
|qdata_addr_reg_132|    4   |
| zext_ln43_reg_124|   64   |
+------------------+--------+
|       Total      |   84   |
+------------------+--------+

* Multiplexer (MUX) list: 
|------------------|------|------|------|--------||---------||---------|
|       Comp       |  Pin | Size |  BW  | S x BW ||  Delay  ||   LUT   |
|------------------|------|------|------|--------||---------||---------|
| grp_access_fu_35 |  p0  |   2  |   4  |    8   ||    9    |
|------------------|------|------|------|--------||---------||---------|
|       Total      |      |      |      |    8   ||  1.588  ||    9    |
|------------------|------|------|------|--------||---------||---------|



* Summary:
+-----------+--------+--------+--------+
|           |  Delay |   FF   |   LUT  |
+-----------+--------+--------+--------+
|  Function |    -   |    0   |   35   |
|   Memory  |    -   |    -   |    -   |
|Multiplexer|    1   |    -   |    9   |
|  Register |    -   |   84   |    -   |
+-----------+--------+--------+--------+
|   Total   |    1   |   84   |   44   |
+-----------+--------+--------+--------+
